Archive member included to satisfy reference by file (symbol)

c:/st/stm32cubeide_1.8.0/stm32cubeide/plugins/com.st.stm32cube.ide.mcu.externaltools.gnu-tools-for-stm32.9-2020-q2-update.win32_2.0.0.202105311346/tools/bin/../lib/gcc/arm-none-eabi/9.3.1/../../../../arm-none-eabi/lib/thumb/v7e-m+fp/hard\libc_nano.a(lib_a-errno.o)
                              ./Core/Src/syscalls.o (__errno)
c:/st/stm32cubeide_1.8.0/stm32cubeide/plugins/com.st.stm32cube.ide.mcu.externaltools.gnu-tools-for-stm32.9-2020-q2-update.win32_2.0.0.202105311346/tools/bin/../lib/gcc/arm-none-eabi/9.3.1/../../../../arm-none-eabi/lib/thumb/v7e-m+fp/hard\libc_nano.a(lib_a-exit.o)
                              c:/st/stm32cubeide_1.8.0/stm32cubeide/plugins/com.st.stm32cube.ide.mcu.externaltools.gnu-tools-for-stm32.9-2020-q2-update.win32_2.0.0.202105311346/tools/bin/../lib/gcc/arm-none-eabi/9.3.1/../../../../arm-none-eabi/lib/thumb/v7e-m+fp/hard/crt0.o (exit)
c:/st/stm32cubeide_1.8.0/stm32cubeide/plugins/com.st.stm32cube.ide.mcu.externaltools.gnu-tools-for-stm32.9-2020-q2-update.win32_2.0.0.202105311346/tools/bin/../lib/gcc/arm-none-eabi/9.3.1/../../../../arm-none-eabi/lib/thumb/v7e-m+fp/hard\libc_nano.a(lib_a-impure.o)
                              c:/st/stm32cubeide_1.8.0/stm32cubeide/plugins/com.st.stm32cube.ide.mcu.externaltools.gnu-tools-for-stm32.9-2020-q2-update.win32_2.0.0.202105311346/tools/bin/../lib/gcc/arm-none-eabi/9.3.1/../../../../arm-none-eabi/lib/thumb/v7e-m+fp/hard\libc_nano.a(lib_a-exit.o) (_global_impure_ptr)
c:/st/stm32cubeide_1.8.0/stm32cubeide/plugins/com.st.stm32cube.ide.mcu.externaltools.gnu-tools-for-stm32.9-2020-q2-update.win32_2.0.0.202105311346/tools/bin/../lib/gcc/arm-none-eabi/9.3.1/../../../../arm-none-eabi/lib/thumb/v7e-m+fp/hard\libc_nano.a(lib_a-init.o)
                              c:/st/stm32cubeide_1.8.0/stm32cubeide/plugins/com.st.stm32cube.ide.mcu.externaltools.gnu-tools-for-stm32.9-2020-q2-update.win32_2.0.0.202105311346/tools/bin/../lib/gcc/arm-none-eabi/9.3.1/../../../../arm-none-eabi/lib/thumb/v7e-m+fp/hard/crt0.o (__libc_init_array)
c:/st/stm32cubeide_1.8.0/stm32cubeide/plugins/com.st.stm32cube.ide.mcu.externaltools.gnu-tools-for-stm32.9-2020-q2-update.win32_2.0.0.202105311346/tools/bin/../lib/gcc/arm-none-eabi/9.3.1/../../../../arm-none-eabi/lib/thumb/v7e-m+fp/hard\libc_nano.a(lib_a-memcpy-stub.o)
                              ./USB_DEVICE/App/usbd_storage_if.o (memcpy)
c:/st/stm32cubeide_1.8.0/stm32cubeide/plugins/com.st.stm32cube.ide.mcu.externaltools.gnu-tools-for-stm32.9-2020-q2-update.win32_2.0.0.202105311346/tools/bin/../lib/gcc/arm-none-eabi/9.3.1/../../../../arm-none-eabi/lib/thumb/v7e-m+fp/hard\libc_nano.a(lib_a-memset.o)
                              c:/st/stm32cubeide_1.8.0/stm32cubeide/plugins/com.st.stm32cube.ide.mcu.externaltools.gnu-tools-for-stm32.9-2020-q2-update.win32_2.0.0.202105311346/tools/bin/../lib/gcc/arm-none-eabi/9.3.1/../../../../arm-none-eabi/lib/thumb/v7e-m+fp/hard/crt0.o (memset)

Allocating common symbols
Common symbol       size              file

hUsbDeviceFS        0x2c4             ./USB_DEVICE/App/usb_device.o
uwTick              0x4               ./Drivers/STM32F3xx_HAL_Driver/Src/stm32f3xx_hal.o
pFlash              0x20              ./Drivers/STM32F3xx_HAL_Driver/Src/stm32f3xx_hal_flash.o
buffer              0x40000           ./USB_DEVICE/App/usbd_storage_if.o
hpcd_USB_FS         0x2d4             ./USB_DEVICE/Target/usbd_conf.o
USBD_StrDesc        0x200             ./USB_DEVICE/App/usbd_desc.o

Discarded input sections

 .text          0x0000000000000000        0x0 c:/st/stm32cubeide_1.8.0/stm32cubeide/plugins/com.st.stm32cube.ide.mcu.externaltools.gnu-tools-for-stm32.9-2020-q2-update.win32_2.0.0.202105311346/tools/bin/../lib/gcc/arm-none-eabi/9.3.1/thumb/v7e-m+fp/hard/crti.o
 .data          0x0000000000000000        0x0 c:/st/stm32cubeide_1.8.0/stm32cubeide/plugins/com.st.stm32cube.ide.mcu.externaltools.gnu-tools-for-stm32.9-2020-q2-update.win32_2.0.0.202105311346/tools/bin/../lib/gcc/arm-none-eabi/9.3.1/thumb/v7e-m+fp/hard/crti.o
 .bss           0x0000000000000000        0x0 c:/st/stm32cubeide_1.8.0/stm32cubeide/plugins/com.st.stm32cube.ide.mcu.externaltools.gnu-tools-for-stm32.9-2020-q2-update.win32_2.0.0.202105311346/tools/bin/../lib/gcc/arm-none-eabi/9.3.1/thumb/v7e-m+fp/hard/crti.o
 .data          0x0000000000000000        0x4 c:/st/stm32cubeide_1.8.0/stm32cubeide/plugins/com.st.stm32cube.ide.mcu.externaltools.gnu-tools-for-stm32.9-2020-q2-update.win32_2.0.0.202105311346/tools/bin/../lib/gcc/arm-none-eabi/9.3.1/thumb/v7e-m+fp/hard/crtbegin.o
 .text          0x0000000000000000       0x7c c:/st/stm32cubeide_1.8.0/stm32cubeide/plugins/com.st.stm32cube.ide.mcu.externaltools.gnu-tools-for-stm32.9-2020-q2-update.win32_2.0.0.202105311346/tools/bin/../lib/gcc/arm-none-eabi/9.3.1/../../../../arm-none-eabi/lib/thumb/v7e-m+fp/hard/crt0.o
[...]
Memory Configuration

Name             Origin             Length             Attributes
CCMRAM           0x0000000010000000 0x0000000000004000 xrw
RAM              0x0000000020000000 0x0000000000010000 xrw
FLASH            0x0000000008010000 0x0000000000070000 xr
*default*        0x0000000000000000 0xffffffffffffffff

Linker script and memory map

LOAD c:/st/stm32cubeide_1.8.0/stm32cubeide/plugins/com.st.stm32cube.ide.mcu.externaltools.gnu-tools-for-stm32.9-2020-q2-update.win32_2.0.0.202105311346/tools/bin/../lib/gcc/arm-none-eabi/9.3.1/thumb/v7e-m+fp/hard/crti.o
LOAD c:/st/stm32cubeide_1.8.0/stm32cubeide/plugins/com.st.stm32cube.ide.mcu.externaltools.gnu-tools-for-stm32.9-2020-q2-update.win32_2.0.0.202105311346/tools/bin/../lib/gcc/arm-none-eabi/9.3.1/thumb/v7e-m+fp/hard/crtbegin.o
LOAD c:/st/stm32cubeide_1.8.0/stm32cubeide/plugins/com.st.stm32cube.ide.mcu.externaltools.gnu-tools-for-stm32.9-2020-q2-update.win32_2.0.0.202105311346/tools/bin/../lib/gcc/arm-none-eabi/9.3.1/../../../../arm-none-eabi/lib/thumb/v7e-m+fp/hard/crt0.o
LOAD ./Core/Src/flash_image.o
LOAD ./Core/Src/main.o
LOAD ./Core/Src/stm32f3xx_hal_msp.o
LOAD ./Core/Src/stm32f3xx_it.o
LOAD ./Core/Src/syscalls.o
LOAD ./Core/Src/sysmem.o
LOAD ./Core/Src/system_stm32f3xx.o
LOAD ./Core/Startup/startup_stm32f303retx.o
LOAD ./Drivers/STM32F3xx_HAL_Driver/Src/stm32f3xx_hal.o
LOAD ./Drivers/STM32F3xx_HAL_Driver/Src/stm32f3xx_hal_cortex.o
LOAD ./Drivers/STM32F3xx_HAL_Driver/Src/stm32f3xx_hal_dma.o
LOAD ./Drivers/STM32F3xx_HAL_Driver/Src/stm32f3xx_hal_exti.o
LOAD ./Drivers/STM32F3xx_HAL_Driver/Src/stm32f3xx_hal_flash.o
LOAD ./Drivers/STM32F3xx_HAL_Driver/Src/stm32f3xx_hal_flash_ex.o
LOAD ./Drivers/STM32F3xx_HAL_Driver/Src/stm32f3xx_hal_gpio.o
LOAD ./Drivers/STM32F3xx_HAL_Driver/Src/stm32f3xx_hal_i2c.o
LOAD ./Drivers/STM32F3xx_HAL_Driver/Src/stm32f3xx_hal_i2c_ex.o
LOAD ./Drivers/STM32F3xx_HAL_Driver/Src/stm32f3xx_hal_pcd.o
LOAD ./Drivers/STM32F3xx_HAL_Driver/Src/stm32f3xx_hal_pcd_ex.o
LOAD ./Drivers/STM32F3xx_HAL_Driver/Src/stm32f3xx_hal_pwr.o
LOAD ./Drivers/STM32F3xx_HAL_Driver/Src/stm32f3xx_hal_pwr_ex.o
LOAD ./Drivers/STM32F3xx_HAL_Driver/Src/stm32f3xx_hal_rcc.o
LOAD ./Drivers/STM32F3xx_HAL_Driver/Src/stm32f3xx_hal_rcc_ex.o
LOAD ./Drivers/STM32F3xx_HAL_Driver/Src/stm32f3xx_hal_tim.o
LOAD ./Drivers/STM32F3xx_HAL_Driver/Src/stm32f3xx_hal_tim_ex.o
LOAD ./Drivers/STM32F3xx_HAL_Driver/Src/stm32f3xx_ll_usb.o
LOAD ./Middlewares/ST/STM32_USB_Device_Library/Class/MSC/Src/usbd_msc.o
LOAD ./Middlewares/ST/STM32_USB_Device_Library/Class/MSC/Src/usbd_msc_bot.o
LOAD ./Middlewares/ST/STM32_USB_Device_Library/Class/MSC/Src/usbd_msc_data.o
LOAD ./Middlewares/ST/STM32_USB_Device_Library/Class/MSC/Src/usbd_msc_scsi.o
LOAD ./Middlewares/ST/STM32_USB_Device_Library/Core/Src/usbd_core.o
LOAD ./Middlewares/ST/STM32_USB_Device_Library/Core/Src/usbd_ctlreq.o
LOAD ./Middlewares/ST/STM32_USB_Device_Library/Core/Src/usbd_ioreq.o
LOAD ./USB_DEVICE/App/usb_device.o
LOAD ./USB_DEVICE/App/usbd_desc.o
LOAD ./USB_DEVICE/App/usbd_storage_if.o
LOAD ./USB_DEVICE/Target/usbd_conf.o
START GROUP
LOAD c:/st/stm32cubeide_1.8.0/stm32cubeide/plugins/com.st.stm32cube.ide.mcu.externaltools.gnu-tools-for-stm32.9-2020-q2-update.win32_2.0.0.202105311346/tools/bin/../lib/gcc/arm-none-eabi/9.3.1/../../../../arm-none-eabi/lib/thumb/v7e-m+fp/hard\libc_nano.a
LOAD c:/st/stm32cubeide_1.8.0/stm32cubeide/plugins/com.st.stm32cube.ide.mcu.externaltools.gnu-tools-for-stm32.9-2020-q2-update.win32_2.0.0.202105311346/tools/bin/../lib/gcc/arm-none-eabi/9.3.1/../../../../arm-none-eabi/lib/thumb/v7e-m+fp/hard\libm.a
END GROUP
START GROUP
LOAD c:/st/stm32cubeide_1.8.0/stm32cubeide/plugins/com.st.stm32cube.ide.mcu.externaltools.gnu-tools-for-stm32.9-2020-q2-update.win32_2.0.0.202105311346/tools/bin/../lib/gcc/arm-none-eabi/9.3.1/thumb/v7e-m+fp/hard\libgcc.a
LOAD c:/st/stm32cubeide_1.8.0/stm32cubeide/plugins/com.st.stm32cube.ide.mcu.externaltools.gnu-tools-for-stm32.9-2020-q2-update.win32_2.0.0.202105311346/tools/bin/../lib/gcc/arm-none-eabi/9.3.1/../../../../arm-none-eabi/lib/thumb/v7e-m+fp/hard\libc_nano.a
END GROUP
START GROUP
LOAD c:/st/stm32cubeide_1.8.0/stm32cubeide/plugins/com.st.stm32cube.ide.mcu.externaltools.gnu-tools-for-stm32.9-2020-q2-update.win32_2.0.0.202105311346/tools/bin/../lib/gcc/arm-none-eabi/9.3.1/thumb/v7e-m+fp/hard\libgcc.a
LOAD c:/st/stm32cubeide_1.8.0/stm32cubeide/plugins/com.st.stm32cube.ide.mcu.externaltools.gnu-tools-for-stm32.9-2020-q2-update.win32_2.0.0.202105311346/tools/bin/../lib/gcc/arm-none-eabi/9.3.1/../../../../arm-none-eabi/lib/thumb/v7e-m+fp/hard\libc_nano.a
LOAD c:/st/stm32cubeide_1.8.0/stm32cubeide/plugins/com.st.stm32cube.ide.mcu.externaltools.gnu-tools-for-stm32.9-2020-q2-update.win32_2.0.0.202105311346/tools/bin/../lib/gcc/arm-none-eabi/9.3.1/../../../../arm-none-eabi/lib/thumb/v7e-m+fp/hard\libnosys.a
END GROUP
START GROUP
LOAD c:/st/stm32cubeide_1.8.0/stm32cubeide/plugins/com.st.stm32cube.ide.mcu.externaltools.gnu-tools-for-stm32.9-2020-q2-update.win32_2.0.0.202105311346/tools/bin/../lib/gcc/arm-none-eabi/9.3.1/thumb/v7e-m+fp/hard\libgcc.a
LOAD c:/st/stm32cubeide_1.8.0/stm32cubeide/plugins/com.st.stm32cube.ide.mcu.externaltools.gnu-tools-for-stm32.9-2020-q2-update.win32_2.0.0.202105311346/tools/bin/../lib/gcc/arm-none-eabi/9.3.1/../../../../arm-none-eabi/lib/thumb/v7e-m+fp/hard\libc_nano.a
LOAD c:/st/stm32cubeide_1.8.0/stm32cubeide/plugins/com.st.stm32cube.ide.mcu.externaltools.gnu-tools-for-stm32.9-2020-q2-update.win32_2.0.0.202105311346/tools/bin/../lib/gcc/arm-none-eabi/9.3.1/../../../../arm-none-eabi/lib/thumb/v7e-m+fp/hard\libnosys.a
END GROUP
LOAD c:/st/stm32cubeide_1.8.0/stm32cubeide/plugins/com.st.stm32cube.ide.mcu.externaltools.gnu-tools-for-stm32.9-2020-q2-update.win32_2.0.0.202105311346/tools/bin/../lib/gcc/arm-none-eabi/9.3.1/thumb/v7e-m+fp/hard/crtend.o
LOAD c:/st/stm32cubeide_1.8.0/stm32cubeide/plugins/com.st.stm32cube.ide.mcu.externaltools.gnu-tools-for-stm32.9-2020-q2-update.win32_2.0.0.202105311346/tools/bin/../lib/gcc/arm-none-eabi/9.3.1/thumb/v7e-m+fp/hard/crtn.o
                0x0000000020010000                _estack = (ORIGIN (RAM) + LENGTH (RAM))
                0x0000000000000200                _Min_Heap_Size = 0x200
                0x0000000000000400                _Min_Stack_Size = 0x400

.isr_vector     0x0000000008010000      0x194
                0x0000000008010000                . = ALIGN (0x4)
 *(.isr_vector)
 .isr_vector    0x0000000008010000      0x194 ./Core/Startup/startup_stm32f303retx.o
                0x0000000008010000                g_pfnVectors
                0x0000000008010194                . = ALIGN (0x4)

.text           0x0000000008010194     0x8aa0
                0x0000000008010194                . = ALIGN (0x4)
 *(.text)
 .text          0x0000000008010194       0x40 c:/st/stm32cubeide_1.8.0/stm32cubeide/plugins/com.st.stm32cube.ide.mcu.externaltools.gnu-tools-for-stm32.9-2020-q2-update.win32_2.0.0.202105311346/tools/bin/../lib/gcc/arm-none-eabi/9.3.1/thumb/v7e-m+fp/hard/crtbegin.o
 *(.text*)
 .text.main     0x00000000080101d4       0x30 ./Core/Src/main.o
                0x00000000080101d4                main
 .text.SystemClock_Config
                0x0000000008010204       0xbe ./Core/Src/main.o
                0x0000000008010204                SystemClock_Config
 *fill*         0x00000000080102c2        0x2 
 .text.MX_GPIO_Init
                0x00000000080102c4       0x98 ./Core/Src/main.o
 .text.Error_Handler
                0x000000000801035c        0xa ./Core/Src/main.o
                0x000000000801035c                Error_Handler
 *fill*         0x0000000008010366        0x2 
 .text.HAL_MspInit
                0x0000000008010368       0x48 ./Core/Src/stm32f3xx_hal_msp.o
                0x0000000008010368                HAL_MspInit
 .text.NMI_Handler
                0x00000000080103b0        0x6 ./Core/Src/stm32f3xx_it.o
                0x00000000080103b0                NMI_Handler
 .text.HardFault_Handler
                0x00000000080103b6        0x6 ./Core/Src/stm32f3xx_it.o
                0x00000000080103b6                HardFault_Handler
 .text.MemManage_Handler
                0x00000000080103bc        0x6 ./Core/Src/stm32f3xx_it.o
                0x00000000080103bc                MemManage_Handler
 .text.BusFault_Handler
                0x00000000080103c2        0x6 ./Core/Src/stm32f3xx_it.o
                0x00000000080103c2                BusFault_Handler
 .text.UsageFault_Handler
                0x00000000080103c8        0x6 ./Core/Src/stm32f3xx_it.o
                0x00000000080103c8                UsageFault_Handler
 .text.SVC_Handler
                0x00000000080103ce        0xe ./Core/Src/stm32f3xx_it.o
                0x00000000080103ce                SVC_Handler
 .text.DebugMon_Handler
                0x00000000080103dc        0xe ./Core/Src/stm32f3xx_it.o
                0x00000000080103dc                DebugMon_Handler
 .text.PendSV_Handler
                0x00000000080103ea        0xe ./Core/Src/stm32f3xx_it.o
                0x00000000080103ea                PendSV_Handler
 .text.SysTick_Handler
                0x00000000080103f8        0xc ./Core/Src/stm32f3xx_it.o
                0x00000000080103f8                SysTick_Handler
 .text.USB_LP_CAN_RX0_IRQHandler
                0x0000000008010404       0x14 ./Core/Src/stm32f3xx_it.o
                0x0000000008010404                USB_LP_CAN_RX0_IRQHandler
 .text.SystemInit
                0x0000000008010418       0x24 ./Core/Src/system_stm32f3xx.o
                0x0000000008010418                SystemInit
 .text.Reset_Handler
                0x000000000801043c       0x50 ./Core/Startup/startup_stm32f303retx.o
                0x000000000801043c                Reset_Handler
 .text.Default_Handler
                0x000000000801048c        0x2 ./Core/Startup/startup_stm32f303retx.o
                0x000000000801048c                RTC_Alarm_IRQHandler
                0x000000000801048c                TIM8_TRG_COM_IRQHandler
                0x000000000801048c                TIM8_CC_IRQHandler
                0x000000000801048c                SPI4_IRQHandler
                0x000000000801048c                TIM1_CC_IRQHandler
                0x000000000801048c                USB_HP_IRQHandler
                0x000000000801048c                PVD_IRQHandler
                0x000000000801048c                TAMP_STAMP_IRQHandler
                0x000000000801048c                EXTI3_IRQHandler
                0x000000000801048c                I2C3_ER_IRQHandler
                0x000000000801048c                USB_HP_CAN_TX_IRQHandler
                0x000000000801048c                EXTI0_IRQHandler
                0x000000000801048c                I2C2_EV_IRQHandler
                0x000000000801048c                FPU_IRQHandler
                0x000000000801048c                TIM1_UP_TIM16_IRQHandler
                0x000000000801048c                ADC1_2_IRQHandler
                0x000000000801048c                SPI1_IRQHandler
                0x000000000801048c                CAN_SCE_IRQHandler
                0x000000000801048c                TIM6_DAC_IRQHandler
                0x000000000801048c                TIM8_UP_IRQHandler
                0x000000000801048c                DMA2_Channel2_IRQHandler
                0x000000000801048c                DMA1_Channel4_IRQHandler
                0x000000000801048c                TIM20_TRG_COM_IRQHandler
                0x000000000801048c                USART3_IRQHandler
                0x000000000801048c                DMA1_Channel7_IRQHandler
                0x000000000801048c                UART5_IRQHandler
                0x000000000801048c                ADC3_IRQHandler
                0x000000000801048c                TIM4_IRQHandler
                0x000000000801048c                CAN_RX1_IRQHandler
                0x000000000801048c                DMA2_Channel1_IRQHandler
                0x000000000801048c                I2C1_EV_IRQHandler
                0x000000000801048c                DMA1_Channel6_IRQHandler
                0x000000000801048c                UART4_IRQHandler
                0x000000000801048c                DMA2_Channel4_IRQHandler
                0x000000000801048c                TIM3_IRQHandler
                0x000000000801048c                RCC_IRQHandler
                0x000000000801048c                TIM20_UP_IRQHandler
                0x000000000801048c                DMA1_Channel1_IRQHandler
                0x000000000801048c                Default_Handler
                0x000000000801048c                USBWakeUp_RMP_IRQHandler
                0x000000000801048c                EXTI15_10_IRQHandler
                0x000000000801048c                TIM7_IRQHandler
                0x000000000801048c                I2C3_EV_IRQHandler
                0x000000000801048c                EXTI9_5_IRQHandler
                0x000000000801048c                RTC_WKUP_IRQHandler
                0x000000000801048c                SPI2_IRQHandler
                0x000000000801048c                DMA2_Channel5_IRQHandler
                0x000000000801048c                DMA1_Channel5_IRQHandler
                0x000000000801048c                USB_LP_IRQHandler
                0x000000000801048c                EXTI4_IRQHandler
                0x000000000801048c                TIM1_TRG_COM_TIM17_IRQHandler
                0x000000000801048c                DMA1_Channel3_IRQHandler
                0x000000000801048c                ADC4_IRQHandler
                0x000000000801048c                WWDG_IRQHandler
                0x000000000801048c                TIM2_IRQHandler
                0x000000000801048c                COMP7_IRQHandler
                0x000000000801048c                COMP1_2_3_IRQHandler
                0x000000000801048c                EXTI1_IRQHandler
                0x000000000801048c                USART2_IRQHandler
                0x000000000801048c                COMP4_5_6_IRQHandler
                0x000000000801048c                TIM20_BRK_IRQHandler
                0x000000000801048c                I2C2_ER_IRQHandler
                0x000000000801048c                DMA1_Channel2_IRQHandler
                0x000000000801048c                TIM8_BRK_IRQHandler
                0x000000000801048c                FLASH_IRQHandler
                0x000000000801048c                TIM20_CC_IRQHandler
                0x000000000801048c                USART1_IRQHandler
                0x000000000801048c                SPI3_IRQHandler
                0x000000000801048c                I2C1_ER_IRQHandler
                0x000000000801048c                FMC_IRQHandler
                0x000000000801048c                USBWakeUp_IRQHandler
                0x000000000801048c                DMA2_Channel3_IRQHandler
                0x000000000801048c                EXTI2_TSC_IRQHandler
                0x000000000801048c                TIM1_BRK_TIM15_IRQHandler
 *fill*         0x000000000801048e        0x2 
 .text.HAL_Init
                0x0000000008010490       0x2c ./Drivers/STM32F3xx_HAL_Driver/Src/stm32f3xx_hal.o
                0x0000000008010490                HAL_Init
 .text.HAL_InitTick
                0x00000000080104bc       0x60 ./Drivers/STM32F3xx_HAL_Driver/Src/stm32f3xx_hal.o
                0x00000000080104bc                HAL_InitTick
 .text.HAL_IncTick
                0x000000000801051c       0x28 ./Drivers/STM32F3xx_HAL_Driver/Src/stm32f3xx_hal.o
                0x000000000801051c                HAL_IncTick
 .text.HAL_GetTick
                0x0000000008010544       0x18 ./Drivers/STM32F3xx_HAL_Driver/Src/stm32f3xx_hal.o
                0x0000000008010544                HAL_GetTick
 .text.HAL_Delay
                0x000000000801055c       0x48 ./Drivers/STM32F3xx_HAL_Driver/Src/stm32f3xx_hal.o
                0x000000000801055c                HAL_Delay
 .text.__NVIC_SetPriorityGrouping
                0x00000000080105a4       0x48 ./Drivers/STM32F3xx_HAL_Driver/Src/stm32f3xx_hal_cortex.o
 .text.__NVIC_GetPriorityGrouping
                0x00000000080105ec       0x1c ./Drivers/STM32F3xx_HAL_Driver/Src/stm32f3xx_hal_cortex.o
 .text.__NVIC_EnableIRQ
                0x0000000008010608       0x3c ./Drivers/STM32F3xx_HAL_Driver/Src/stm32f3xx_hal_cortex.o
 .text.__NVIC_SetPriority
                0x0000000008010644       0x54 ./Drivers/STM32F3xx_HAL_Driver/Src/stm32f3xx_hal_cortex.o
 .text.NVIC_EncodePriority
                0x0000000008010698       0x66 ./Drivers/STM32F3xx_HAL_Driver/Src/stm32f3xx_hal_cortex.o
 *fill*         0x00000000080106fe        0x2 
 .text.SysTick_Config
                0x0000000008010700       0x44 ./Drivers/STM32F3xx_HAL_Driver/Src/stm32f3xx_hal_cortex.o
 .text.HAL_NVIC_SetPriorityGrouping
                0x0000000008010744       0x16 ./Drivers/STM32F3xx_HAL_Driver/Src/stm32f3xx_hal_cortex.o
                0x0000000008010744                HAL_NVIC_SetPriorityGrouping
 .text.HAL_NVIC_SetPriority
                0x000000000801075a       0x38 ./Drivers/STM32F3xx_HAL_Driver/Src/stm32f3xx_hal_cortex.o
                0x000000000801075a                HAL_NVIC_SetPriority
 .text.HAL_NVIC_EnableIRQ
                0x0000000008010792       0x1c ./Drivers/STM32F3xx_HAL_Driver/Src/stm32f3xx_hal_cortex.o
                0x0000000008010792                HAL_NVIC_EnableIRQ
 .text.HAL_SYSTICK_Config
                0x00000000080107ae       0x18 ./Drivers/STM32F3xx_HAL_Driver/Src/stm32f3xx_hal_cortex.o
                0x00000000080107ae                HAL_SYSTICK_Config
 *fill*         0x00000000080107c6        0x2 
 .text.HAL_GPIO_Init
                0x00000000080107c8      0x314 ./Drivers/STM32F3xx_HAL_Driver/Src/stm32f3xx_hal_gpio.o
                0x00000000080107c8                HAL_GPIO_Init
 .text.HAL_GPIO_WritePin
                0x0000000008010adc       0x30 ./Drivers/STM32F3xx_HAL_Driver/Src/stm32f3xx_hal_gpio.o
                0x0000000008010adc                HAL_GPIO_WritePin
 .text.HAL_GPIO_TogglePin
                0x0000000008010b0c       0x34 ./Drivers/STM32F3xx_HAL_Driver/Src/stm32f3xx_hal_gpio.o
                0x0000000008010b0c                HAL_GPIO_TogglePin
 .text.HAL_PCD_Init
                0x0000000008010b40      0x18e ./Drivers/STM32F3xx_HAL_Driver/Src/stm32f3xx_hal_pcd.o
                0x0000000008010b40                HAL_PCD_Init
 .text.HAL_PCD_Start
                0x0000000008010cce       0x4c ./Drivers/STM32F3xx_HAL_Driver/Src/stm32f3xx_hal_pcd.o
                0x0000000008010cce                HAL_PCD_Start
 .text.HAL_PCD_IRQHandler
                0x0000000008010d1a      0x1a8 ./Drivers/STM32F3xx_HAL_Driver/Src/stm32f3xx_hal_pcd.o
                0x0000000008010d1a                HAL_PCD_IRQHandler
 .text.HAL_PCD_SetAddress
                0x0000000008010ec2       0x48 ./Drivers/STM32F3xx_HAL_Driver/Src/stm32f3xx_hal_pcd.o
                0x0000000008010ec2                HAL_PCD_SetAddress
 .text.HAL_PCD_EP_Open
                0x0000000008010f0a       0xba ./Drivers/STM32F3xx_HAL_Driver/Src/stm32f3xx_hal_pcd.o
                0x0000000008010f0a                HAL_PCD_EP_Open
 .text.HAL_PCD_EP_Close
                0x0000000008010fc4       0x90 ./Drivers/STM32F3xx_HAL_Driver/Src/stm32f3xx_hal_pcd.o
                0x0000000008010fc4                HAL_PCD_EP_Close
 .text.HAL_PCD_EP_Receive
                0x0000000008011054       0x62 ./Drivers/STM32F3xx_HAL_Driver/Src/stm32f3xx_hal_pcd.o
                0x0000000008011054                HAL_PCD_EP_Receive
 .text.HAL_PCD_EP_GetRxCount
                0x00000000080110b6       0x30 ./Drivers/STM32F3xx_HAL_Driver/Src/stm32f3xx_hal_pcd.o
                0x00000000080110b6                HAL_PCD_EP_GetRxCount
 .text.HAL_PCD_EP_Transmit
                0x00000000080110e6       0x6e ./Drivers/STM32F3xx_HAL_Driver/Src/stm32f3xx_hal_pcd.o
                0x00000000080110e6                HAL_PCD_EP_Transmit
 .text.HAL_PCD_EP_SetStall
                0x0000000008011154       0xa4 ./Drivers/STM32F3xx_HAL_Driver/Src/stm32f3xx_hal_pcd.o
                0x0000000008011154                HAL_PCD_EP_SetStall
 .text.HAL_PCD_EP_ClrStall
                0x00000000080111f8       0xa8 ./Drivers/STM32F3xx_HAL_Driver/Src/stm32f3xx_hal_pcd.o
                0x00000000080111f8                HAL_PCD_EP_ClrStall
 .text.HAL_PCD_EP_Flush
                0x00000000080112a0       0x5a ./Drivers/STM32F3xx_HAL_Driver/Src/stm32f3xx_hal_pcd.o
                0x00000000080112a0                HAL_PCD_EP_Flush
 .text.PCD_EP_ISR_Handler
                0x00000000080112fa      0x784 ./Drivers/STM32F3xx_HAL_Driver/Src/stm32f3xx_hal_pcd.o
 .text.HAL_PCD_EP_DB_Receive
                0x0000000008011a7e      0x212 ./Drivers/STM32F3xx_HAL_Driver/Src/stm32f3xx_hal_pcd.o
 .text.HAL_PCD_EP_DB_Transmit
                0x0000000008011c90      0x7ec ./Drivers/STM32F3xx_HAL_Driver/Src/stm32f3xx_hal_pcd.o
 .text.HAL_PCDEx_PMAConfig
                0x000000000801247c       0x86 ./Drivers/STM32F3xx_HAL_Driver/Src/stm32f3xx_hal_pcd_ex.o
                0x000000000801247c                HAL_PCDEx_PMAConfig
 *fill*         0x0000000008012502        0x2 
 .text.HAL_RCC_OscConfig
                0x0000000008012504      0xe2c ./Drivers/STM32F3xx_HAL_Driver/Src/stm32f3xx_hal_rcc.o
                0x0000000008012504                HAL_RCC_OscConfig
 .text.HAL_RCC_ClockConfig
                0x0000000008013330      0x2f8 ./Drivers/STM32F3xx_HAL_Driver/Src/stm32f3xx_hal_rcc.o
                0x0000000008013330                HAL_RCC_ClockConfig
 .text.HAL_RCC_GetSysClockFreq
                0x0000000008013628       0xa8 ./Drivers/STM32F3xx_HAL_Driver/Src/stm32f3xx_hal_rcc.o
                0x0000000008013628                HAL_RCC_GetSysClockFreq
 .text.HAL_RCCEx_PeriphCLKConfig
                0x00000000080136d0      0x43c ./Drivers/STM32F3xx_HAL_Driver/Src/stm32f3xx_hal_rcc_ex.o
                0x00000000080136d0                HAL_RCCEx_PeriphCLKConfig
 .text.USB_EnableGlobalInt
                0x0000000008013b0c       0x2e ./Drivers/STM32F3xx_HAL_Driver/Src/stm32f3xx_ll_usb.o
                0x0000000008013b0c                USB_EnableGlobalInt
 .text.USB_DisableGlobalInt
                0x0000000008013b3a       0x36 ./Drivers/STM32F3xx_HAL_Driver/Src/stm32f3xx_ll_usb.o
                0x0000000008013b3a                USB_DisableGlobalInt
 .text.USB_DevInit
                0x0000000008013b70       0x3c ./Drivers/STM32F3xx_HAL_Driver/Src/stm32f3xx_ll_usb.o
                0x0000000008013b70                USB_DevInit
 .text.USB_FlushTxFifo
                0x0000000008013bac       0x18 ./Drivers/STM32F3xx_HAL_Driver/Src/stm32f3xx_ll_usb.o
                0x0000000008013bac                USB_FlushTxFifo
 .text.USB_FlushRxFifo
                0x0000000008013bc4       0x16 ./Drivers/STM32F3xx_HAL_Driver/Src/stm32f3xx_ll_usb.o
                0x0000000008013bc4                USB_FlushRxFifo
 *fill*         0x0000000008013bda        0x2 
 .text.USB_ActivateEndpoint
                0x0000000008013bdc      0x788 ./Drivers/STM32F3xx_HAL_Driver/Src/stm32f3xx_ll_usb.o
                0x0000000008013bdc                USB_ActivateEndpoint
 .text.USB_DeactivateEndpoint
                0x0000000008014364      0x3da ./Drivers/STM32F3xx_HAL_Driver/Src/stm32f3xx_ll_usb.o
                0x0000000008014364                USB_DeactivateEndpoint
 .text.USB_EPStartXfer
                0x000000000801473e     0x1298 ./Drivers/STM32F3xx_HAL_Driver/Src/stm32f3xx_ll_usb.o
                0x000000000801473e                USB_EPStartXfer
 .text.USB_EPSetStall
                0x00000000080159d6       0xa2 ./Drivers/STM32F3xx_HAL_Driver/Src/stm32f3xx_ll_usb.o
                0x00000000080159d6                USB_EPSetStall
 .text.USB_EPClearStall
                0x0000000008015a78      0x15c ./Drivers/STM32F3xx_HAL_Driver/Src/stm32f3xx_ll_usb.o
                0x0000000008015a78                USB_EPClearStall
 .text.USB_SetDevAddress
                0x0000000008015bd4       0x28 ./Drivers/STM32F3xx_HAL_Driver/Src/stm32f3xx_ll_usb.o
                0x0000000008015bd4                USB_SetDevAddress
 .text.USB_DevConnect
                0x0000000008015bfc       0x16 ./Drivers/STM32F3xx_HAL_Driver/Src/stm32f3xx_ll_usb.o
                0x0000000008015bfc                USB_DevConnect
 .text.USB_ReadInterrupts
                0x0000000008015c12       0x20 ./Drivers/STM32F3xx_HAL_Driver/Src/stm32f3xx_ll_usb.o
                0x0000000008015c12                USB_ReadInterrupts
 .text.USB_WritePMA
                0x0000000008015c32       0x84 ./Drivers/STM32F3xx_HAL_Driver/Src/stm32f3xx_ll_usb.o
                0x0000000008015c32                USB_WritePMA
 .text.USB_ReadPMA
                0x0000000008015cb6       0x98 ./Drivers/STM32F3xx_HAL_Driver/Src/stm32f3xx_ll_usb.o
                0x0000000008015cb6                USB_ReadPMA
 .text.USBD_MSC_Init
                0x0000000008015d4e       0x94 ./Middlewares/ST/STM32_USB_Device_Library/Class/MSC/Src/usbd_msc.o
                0x0000000008015d4e                USBD_MSC_Init
 .text.USBD_MSC_DeInit
                0x0000000008015de2       0x58 ./Middlewares/ST/STM32_USB_Device_Library/Class/MSC/Src/usbd_msc.o
                0x0000000008015de2                USBD_MSC_DeInit
 *fill*         0x0000000008015e3a        0x2 
 .text.USBD_MSC_Setup
                0x0000000008015e3c      0x26c ./Middlewares/ST/STM32_USB_Device_Library/Class/MSC/Src/usbd_msc.o
                0x0000000008015e3c                USBD_MSC_Setup
 .text.USBD_MSC_DataIn
                0x00000000080160a8       0x20 ./Middlewares/ST/STM32_USB_Device_Library/Class/MSC/Src/usbd_msc.o
                0x00000000080160a8                USBD_MSC_DataIn
 .text.USBD_MSC_DataOut
                0x00000000080160c8       0x20 ./Middlewares/ST/STM32_USB_Device_Library/Class/MSC/Src/usbd_msc.o
                0x00000000080160c8                USBD_MSC_DataOut
 .text.USBD_MSC_GetHSCfgDesc
                0x00000000080160e8       0x20 ./Middlewares/ST/STM32_USB_Device_Library/Class/MSC/Src/usbd_msc.o
                0x00000000080160e8                USBD_MSC_GetHSCfgDesc
 .text.USBD_MSC_GetFSCfgDesc
                0x0000000008016108       0x20 ./Middlewares/ST/STM32_USB_Device_Library/Class/MSC/Src/usbd_msc.o
                0x0000000008016108                USBD_MSC_GetFSCfgDesc
 .text.USBD_MSC_GetOtherSpeedCfgDesc
                0x0000000008016128       0x20 ./Middlewares/ST/STM32_USB_Device_Library/Class/MSC/Src/usbd_msc.o
                0x0000000008016128                USBD_MSC_GetOtherSpeedCfgDesc
 .text.USBD_MSC_GetDeviceQualifierDescriptor
                0x0000000008016148       0x20 ./Middlewares/ST/STM32_USB_Device_Library/Class/MSC/Src/usbd_msc.o
                0x0000000008016148                USBD_MSC_GetDeviceQualifierDescriptor
 .text.USBD_MSC_RegisterStorage
                0x0000000008016168       0x26 ./Middlewares/ST/STM32_USB_Device_Library/Class/MSC/Src/usbd_msc.o
                0x0000000008016168                USBD_MSC_RegisterStorage
 .text.MSC_BOT_Init
                0x000000000801618e       0x60 ./Middlewares/ST/STM32_USB_Device_Library/Class/MSC/Src/usbd_msc_bot.o
                0x000000000801618e                MSC_BOT_Init
 .text.MSC_BOT_Reset
                0x00000000080161ee       0x34 ./Middlewares/ST/STM32_USB_Device_Library/Class/MSC/Src/usbd_msc_bot.o
                0x00000000080161ee                MSC_BOT_Reset
 .text.MSC_BOT_DeInit
                0x0000000008016222       0x22 ./Middlewares/ST/STM32_USB_Device_Library/Class/MSC/Src/usbd_msc_bot.o
                0x0000000008016222                MSC_BOT_DeInit
 .text.MSC_BOT_DataIn
                0x0000000008016244       0x64 ./Middlewares/ST/STM32_USB_Device_Library/Class/MSC/Src/usbd_msc_bot.o
                0x0000000008016244                MSC_BOT_DataIn
 .text.MSC_BOT_DataOut
                0x00000000080162a8       0x56 ./Middlewares/ST/STM32_USB_Device_Library/Class/MSC/Src/usbd_msc_bot.o
                0x00000000080162a8                MSC_BOT_DataOut
 *fill*         0x00000000080162fe        0x2 
 .text.MSC_BOT_CBW_Decode
                0x0000000008016300      0x10c ./Middlewares/ST/STM32_USB_Device_Library/Class/MSC/Src/usbd_msc_bot.o
 .text.MSC_BOT_SendData
                0x000000000801640c       0x62 ./Middlewares/ST/STM32_USB_Device_Library/Class/MSC/Src/usbd_msc_bot.o
 *fill*         0x000000000801646e        0x2 
 .text.MSC_BOT_SendCSW
                0x0000000008016470       0x58 ./Middlewares/ST/STM32_USB_Device_Library/Class/MSC/Src/usbd_msc_bot.o
                0x0000000008016470                MSC_BOT_SendCSW
 .text.MSC_BOT_Abort
                0x00000000080164c8       0x5c ./Middlewares/ST/STM32_USB_Device_Library/Class/MSC/Src/usbd_msc_bot.o
 .text.MSC_BOT_CplClrFeature
                0x0000000008016524       0x4e ./Middlewares/ST/STM32_USB_Device_Library/Class/MSC/Src/usbd_msc_bot.o
                0x0000000008016524                MSC_BOT_CplClrFeature
 *fill*         0x0000000008016572        0x2 
 .text.SCSI_ProcessCmd
                0x0000000008016574      0x250 ./Middlewares/ST/STM32_USB_Device_Library/Class/MSC/Src/usbd_msc_scsi.o
                0x0000000008016574                SCSI_ProcessCmd
 .text.SCSI_TestUnitReady
                0x00000000080167c4       0x72 ./Middlewares/ST/STM32_USB_Device_Library/Class/MSC/Src/usbd_msc_scsi.o
 *fill*         0x0000000008016836        0x2 
 .text.SCSI_Inquiry
                0x0000000008016838       0xc0 ./Middlewares/ST/STM32_USB_Device_Library/Class/MSC/Src/usbd_msc_scsi.o
 .text.SCSI_ReadCapacity10
                0x00000000080168f8       0xce ./Middlewares/ST/STM32_USB_Device_Library/Class/MSC/Src/usbd_msc_scsi.o
 .text.SCSI_ReadFormatCapacity
                0x00000000080169c6       0xc8 ./Middlewares/ST/STM32_USB_Device_Library/Class/MSC/Src/usbd_msc_scsi.o
 *fill*         0x0000000008016a8e        0x2 
 .text.SCSI_ModeSense6
                0x0000000008016a90       0x50 ./Middlewares/ST/STM32_USB_Device_Library/Class/MSC/Src/usbd_msc_scsi.o
 .text.SCSI_ModeSense10
                0x0000000008016ae0       0x50 ./Middlewares/ST/STM32_USB_Device_Library/Class/MSC/Src/usbd_msc_scsi.o
 .text.SCSI_RequestSense
                0x0000000008016b30       0xd6 ./Middlewares/ST/STM32_USB_Device_Library/Class/MSC/Src/usbd_msc_scsi.o
 .text.SCSI_SenseCode
                0x0000000008016c06       0x74 ./Middlewares/ST/STM32_USB_Device_Library/Class/MSC/Src/usbd_msc_scsi.o
                0x0000000008016c06                SCSI_SenseCode
 .text.SCSI_StartStopUnit
                0x0000000008016c7a       0x2a ./Middlewares/ST/STM32_USB_Device_Library/Class/MSC/Src/usbd_msc_scsi.o
 .text.SCSI_Read10
                0x0000000008016ca4      0x118 ./Middlewares/ST/STM32_USB_Device_Library/Class/MSC/Src/usbd_msc_scsi.o
 .text.SCSI_Write10
                0x0000000008016dbc      0x160 ./Middlewares/ST/STM32_USB_Device_Library/Class/MSC/Src/usbd_msc_scsi.o
 .text.SCSI_Verify10
                0x0000000008016f1c       0x66 ./Middlewares/ST/STM32_USB_Device_Library/Class/MSC/Src/usbd_msc_scsi.o
 .text.SCSI_CheckAddressRange
                0x0000000008016f82       0x44 ./Middlewares/ST/STM32_USB_Device_Library/Class/MSC/Src/usbd_msc_scsi.o
 .text.SCSI_ProcessRead
                0x0000000008016fc6       0xe8 ./Middlewares/ST/STM32_USB_Device_Library/Class/MSC/Src/usbd_msc_scsi.o
 .text.SCSI_ProcessWrite
                0x00000000080170ae      0x108 ./Middlewares/ST/STM32_USB_Device_Library/Class/MSC/Src/usbd_msc_scsi.o
 .text.USBD_Init
                0x00000000080171b6       0x56 ./Middlewares/ST/STM32_USB_Device_Library/Core/Src/usbd_core.o
                0x00000000080171b6                USBD_Init
 .text.USBD_RegisterClass
                0x000000000801720c       0x34 ./Middlewares/ST/STM32_USB_Device_Library/Core/Src/usbd_core.o
                0x000000000801720c                USBD_RegisterClass
 .text.USBD_Start
                0x0000000008017240       0x18 ./Middlewares/ST/STM32_USB_Device_Library/Core/Src/usbd_core.o
                0x0000000008017240                USBD_Start
 .text.USBD_RunTestMode
                0x0000000008017258       0x16 ./Middlewares/ST/STM32_USB_Device_Library/Core/Src/usbd_core.o
                0x0000000008017258                USBD_RunTestMode
 .text.USBD_SetClassConfig
                0x000000000801726e       0x3e ./Middlewares/ST/STM32_USB_Device_Library/Core/Src/usbd_core.o
                0x000000000801726e                USBD_SetClassConfig
 .text.USBD_ClrClassConfig
                0x00000000080172ac       0x26 ./Middlewares/ST/STM32_USB_Device_Library/Core/Src/usbd_core.o
                0x00000000080172ac                USBD_ClrClassConfig
 .text.USBD_LL_SetupStage
                0x00000000080172d2       0x9a ./Middlewares/ST/STM32_USB_Device_Library/Core/Src/usbd_core.o
                0x00000000080172d2                USBD_LL_SetupStage
 .text.USBD_LL_DataOutStage
                0x000000000801736c       0xe2 ./Middlewares/ST/STM32_USB_Device_Library/Core/Src/usbd_core.o
                0x000000000801736c                USBD_LL_DataOutStage
 .text.USBD_LL_DataInStage
                0x000000000801744e      0x14a ./Middlewares/ST/STM32_USB_Device_Library/Core/Src/usbd_core.o
                0x000000000801744e                USBD_LL_DataInStage
 .text.USBD_LL_Reset
                0x0000000008017598       0x82 ./Middlewares/ST/STM32_USB_Device_Library/Core/Src/usbd_core.o
                0x0000000008017598                USBD_LL_Reset
 .text.USBD_LL_SetSpeed
                0x000000000801761a       0x20 ./Middlewares/ST/STM32_USB_Device_Library/Core/Src/usbd_core.o
                0x000000000801761a                USBD_LL_SetSpeed
 .text.USBD_LL_Suspend
                0x000000000801763a       0x2a ./Middlewares/ST/STM32_USB_Device_Library/Core/Src/usbd_core.o
                0x000000000801763a                USBD_LL_Suspend
 .text.USBD_LL_Resume
                0x0000000008017664       0x2c ./Middlewares/ST/STM32_USB_Device_Library/Core/Src/usbd_core.o
                0x0000000008017664                USBD_LL_Resume
 .text.USBD_LL_SOF
                0x0000000008017690       0x34 ./Middlewares/ST/STM32_USB_Device_Library/Core/Src/usbd_core.o
                0x0000000008017690                USBD_LL_SOF
 .text.USBD_StdDevReq
                0x00000000080176c4       0xd4 ./Middlewares/ST/STM32_USB_Device_Library/Core/Src/usbd_ctlreq.o
                0x00000000080176c4                USBD_StdDevReq
 .text.USBD_StdItfReq
                0x0000000008017798       0x90 ./Middlewares/ST/STM32_USB_Device_Library/Core/Src/usbd_ctlreq.o
                0x0000000008017798                USBD_StdItfReq
 .text.USBD_StdEPReq
                0x0000000008017828      0x2c6 ./Middlewares/ST/STM32_USB_Device_Library/Core/Src/usbd_ctlreq.o
                0x0000000008017828                USBD_StdEPReq
 *fill*         0x0000000008017aee        0x2 
 .text.USBD_GetDescriptor
                0x0000000008017af0      0x2d0 ./Middlewares/ST/STM32_USB_Device_Library/Core/Src/usbd_ctlreq.o
 .text.USBD_SetAddress
                0x0000000008017dc0       0x86 ./Middlewares/ST/STM32_USB_Device_Library/Core/Src/usbd_ctlreq.o
 *fill*         0x0000000008017e46        0x2 
 .text.USBD_SetConfig
                0x0000000008017e48      0x11c ./Middlewares/ST/STM32_USB_Device_Library/Core/Src/usbd_ctlreq.o
 .text.USBD_GetConfig
                0x0000000008017f64       0x6a ./Middlewares/ST/STM32_USB_Device_Library/Core/Src/usbd_ctlreq.o
 .text.USBD_GetStatus
                0x0000000008017fce       0x66 ./Middlewares/ST/STM32_USB_Device_Library/Core/Src/usbd_ctlreq.o
 .text.USBD_SetFeature
                0x0000000008018034       0x28 ./Middlewares/ST/STM32_USB_Device_Library/Core/Src/usbd_ctlreq.o
 .text.USBD_ClrFeature
                0x000000000801805c       0x42 ./Middlewares/ST/STM32_USB_Device_Library/Core/Src/usbd_ctlreq.o
 .text.USBD_ParseSetupRequest
                0x000000000801809e       0x7a ./Middlewares/ST/STM32_USB_Device_Library/Core/Src/usbd_ctlreq.o
                0x000000000801809e                USBD_ParseSetupRequest
 .text.USBD_CtlError
                0x0000000008018118       0x22 ./Middlewares/ST/STM32_USB_Device_Library/Core/Src/usbd_ctlreq.o
                0x0000000008018118                USBD_CtlError
 .text.USBD_GetString
                0x000000000801813a       0x84 ./Middlewares/ST/STM32_USB_Device_Library/Core/Src/usbd_ctlreq.o
                0x000000000801813a                USBD_GetString
 .text.USBD_GetLen
                0x00000000080181be       0x30 ./Middlewares/ST/STM32_USB_Device_Library/Core/Src/usbd_ctlreq.o
 .text.USBD_CtlSendData
                0x00000000080181ee       0x38 ./Middlewares/ST/STM32_USB_Device_Library/Core/Src/usbd_ioreq.o
                0x00000000080181ee                USBD_CtlSendData
 .text.USBD_CtlContinueSendData
                0x0000000008018226       0x24 ./Middlewares/ST/STM32_USB_Device_Library/Core/Src/usbd_ioreq.o
                0x0000000008018226                USBD_CtlContinueSendData
 .text.USBD_CtlContinueRx
                0x000000000801824a       0x24 ./Middlewares/ST/STM32_USB_Device_Library/Core/Src/usbd_ioreq.o
                0x000000000801824a                USBD_CtlContinueRx
 .text.USBD_CtlSendStatus
                0x000000000801826e       0x26 ./Middlewares/ST/STM32_USB_Device_Library/Core/Src/usbd_ioreq.o
                0x000000000801826e                USBD_CtlSendStatus
 .text.USBD_CtlReceiveStatus
                0x0000000008018294       0x26 ./Middlewares/ST/STM32_USB_Device_Library/Core/Src/usbd_ioreq.o
                0x0000000008018294                USBD_CtlReceiveStatus
 *fill*         0x00000000080182ba        0x2 
 .text.MX_USB_DEVICE_Init
                0x00000000080182bc       0x60 ./USB_DEVICE/App/usb_device.o
                0x00000000080182bc                MX_USB_DEVICE_Init
 .text.USBD_FS_DeviceDescriptor
                0x000000000801831c       0x24 ./USB_DEVICE/App/usbd_desc.o
                0x000000000801831c                USBD_FS_DeviceDescriptor
 .text.USBD_FS_LangIDStrDescriptor
                0x0000000008018340       0x24 ./USB_DEVICE/App/usbd_desc.o
                0x0000000008018340                USBD_FS_LangIDStrDescriptor
 .text.USBD_FS_ProductStrDescriptor
                0x0000000008018364       0x3c ./USB_DEVICE/App/usbd_desc.o
                0x0000000008018364                USBD_FS_ProductStrDescriptor
 .text.USBD_FS_ManufacturerStrDescriptor
                0x00000000080183a0       0x28 ./USB_DEVICE/App/usbd_desc.o
                0x00000000080183a0                USBD_FS_ManufacturerStrDescriptor
 .text.USBD_FS_SerialStrDescriptor
                0x00000000080183c8       0x24 ./USB_DEVICE/App/usbd_desc.o
                0x00000000080183c8                USBD_FS_SerialStrDescriptor
 .text.USBD_FS_ConfigStrDescriptor
                0x00000000080183ec       0x3c ./USB_DEVICE/App/usbd_desc.o
                0x00000000080183ec                USBD_FS_ConfigStrDescriptor
 .text.USBD_FS_InterfaceStrDescriptor
                0x0000000008018428       0x3c ./USB_DEVICE/App/usbd_desc.o
                0x0000000008018428                USBD_FS_InterfaceStrDescriptor
 .text.Get_SerialNum
                0x0000000008018464       0x58 ./USB_DEVICE/App/usbd_desc.o
 .text.IntToUnicode
                0x00000000080184bc       0x7e ./USB_DEVICE/App/usbd_desc.o
 .text.STORAGE_Init_FS
                0x000000000801853a       0x18 ./USB_DEVICE/App/usbd_storage_if.o
 .text.STORAGE_GetCapacity_FS
                0x0000000008018552       0x2c ./USB_DEVICE/App/usbd_storage_if.o
 .text.STORAGE_IsReady_FS
                0x000000000801857e       0x18 ./USB_DEVICE/App/usbd_storage_if.o
 .text.STORAGE_IsWriteProtected_FS
                0x0000000008018596       0x18 ./USB_DEVICE/App/usbd_storage_if.o
 *fill*         0x00000000080185ae        0x2 
 .text.STORAGE_Read_FS
                0x00000000080185b0       0x38 ./USB_DEVICE/App/usbd_storage_if.o
 .text.STORAGE_Write_FS
                0x00000000080185e8       0x22 ./USB_DEVICE/App/usbd_storage_if.o
 .text.STORAGE_GetMaxLun_FS
                0x000000000801860a       0x10 ./USB_DEVICE/App/usbd_storage_if.o
 *fill*         0x000000000801861a        0x2 
 .text.HAL_PCD_MspInit
                0x000000000801861c       0x4c ./USB_DEVICE/Target/usbd_conf.o
                0x000000000801861c                HAL_PCD_MspInit
 .text.HAL_PCD_SetupStageCallback
                0x0000000008018668       0x24 ./USB_DEVICE/Target/usbd_conf.o
                0x0000000008018668                HAL_PCD_SetupStageCallback
 .text.HAL_PCD_DataOutStageCallback
                0x000000000801868c       0x36 ./USB_DEVICE/Target/usbd_conf.o
                0x000000000801868c                HAL_PCD_DataOutStageCallback
 .text.HAL_PCD_DataInStageCallback
                0x00000000080186c2       0x34 ./USB_DEVICE/Target/usbd_conf.o
                0x00000000080186c2                HAL_PCD_DataInStageCallback
 .text.HAL_PCD_SOFCallback
                0x00000000080186f6       0x1c ./USB_DEVICE/Target/usbd_conf.o
                0x00000000080186f6                HAL_PCD_SOFCallback
 .text.HAL_PCD_ResetCallback
                0x0000000008018712       0x3c ./USB_DEVICE/Target/usbd_conf.o
                0x0000000008018712                HAL_PCD_ResetCallback
 *fill*         0x000000000801874e        0x2 
 .text.HAL_PCD_SuspendCallback
                0x0000000008018750       0x34 ./USB_DEVICE/Target/usbd_conf.o
                0x0000000008018750                HAL_PCD_SuspendCallback
 .text.HAL_PCD_ResumeCallback
                0x0000000008018784       0x1c ./USB_DEVICE/Target/usbd_conf.o
                0x0000000008018784                HAL_PCD_ResumeCallback
 .text.USBD_LL_Init
                0x00000000080187a0       0xa4 ./USB_DEVICE/Target/usbd_conf.o
                0x00000000080187a0                USBD_LL_Init
 .text.USBD_LL_Start
                0x0000000008018844       0x36 ./USB_DEVICE/Target/usbd_conf.o
                0x0000000008018844                USBD_LL_Start
 .text.USBD_LL_OpenEP
                0x000000000801887a       0x4c ./USB_DEVICE/Target/usbd_conf.o
                0x000000000801887a                USBD_LL_OpenEP
 .text.USBD_LL_CloseEP
                0x00000000080188c6       0x3e ./USB_DEVICE/Target/usbd_conf.o
                0x00000000080188c6                USBD_LL_CloseEP
 .text.USBD_LL_FlushEP
                0x0000000008018904       0x3e ./USB_DEVICE/Target/usbd_conf.o
                0x0000000008018904                USBD_LL_FlushEP
 .text.USBD_LL_StallEP
                0x0000000008018942       0x3e ./USB_DEVICE/Target/usbd_conf.o
                0x0000000008018942                USBD_LL_StallEP
 .text.USBD_LL_ClearStallEP
                0x0000000008018980       0x3e ./USB_DEVICE/Target/usbd_conf.o
                0x0000000008018980                USBD_LL_ClearStallEP
 .text.USBD_LL_IsStallEP
                0x00000000080189be       0x58 ./USB_DEVICE/Target/usbd_conf.o
                0x00000000080189be                USBD_LL_IsStallEP
 .text.USBD_LL_SetUSBAddress
                0x0000000008018a16       0x3e ./USB_DEVICE/Target/usbd_conf.o
                0x0000000008018a16                USBD_LL_SetUSBAddress
 .text.USBD_LL_Transmit
                0x0000000008018a54       0x46 ./USB_DEVICE/Target/usbd_conf.o
                0x0000000008018a54                USBD_LL_Transmit
 .text.USBD_LL_PrepareReceive
                0x0000000008018a9a       0x46 ./USB_DEVICE/Target/usbd_conf.o
                0x0000000008018a9a                USBD_LL_PrepareReceive
 .text.USBD_LL_GetRxDataSize
                0x0000000008018ae0       0x26 ./USB_DEVICE/Target/usbd_conf.o
                0x0000000008018ae0                USBD_LL_GetRxDataSize
 *fill*         0x0000000008018b06        0x2 
 .text.USBD_static_malloc
                0x0000000008018b08       0x1c ./USB_DEVICE/Target/usbd_conf.o
                0x0000000008018b08                USBD_static_malloc
 .text.USBD_static_free
                0x0000000008018b24       0x14 ./USB_DEVICE/Target/usbd_conf.o
                0x0000000008018b24                USBD_static_free
 .text.HAL_PCDEx_SetConnectionState
                0x0000000008018b38       0x18 ./USB_DEVICE/Target/usbd_conf.o
                0x0000000008018b38                HAL_PCDEx_SetConnectionState
 .text.USBD_Get_USB_Status
                0x0000000008018b50       0x58 ./USB_DEVICE/Target/usbd_conf.o
 .text.__libc_init_array
                0x0000000008018ba8       0x48 c:/st/stm32cubeide_1.8.0/stm32cubeide/plugins/com.st.stm32cube.ide.mcu.externaltools.gnu-tools-for-stm32.9-2020-q2-update.win32_2.0.0.202105311346/tools/bin/../lib/gcc/arm-none-eabi/9.3.1/../../../../arm-none-eabi/lib/thumb/v7e-m+fp/hard\libc_nano.a(lib_a-init.o)
                0x0000000008018ba8                __libc_init_array
 .text.memcpy   0x0000000008018bf0       0x1c c:/st/stm32cubeide_1.8.0/stm32cubeide/plugins/com.st.stm32cube.ide.mcu.externaltools.gnu-tools-for-stm32.9-2020-q2-update.win32_2.0.0.202105311346/tools/bin/../lib/gcc/arm-none-eabi/9.3.1/../../../../arm-none-eabi/lib/thumb/v7e-m+fp/hard\libc_nano.a(lib_a-memcpy-stub.o)
                0x0000000008018bf0                memcpy
 .text.memset   0x0000000008018c0c       0x10 c:/st/stm32cubeide_1.8.0/stm32cubeide/plugins/com.st.stm32cube.ide.mcu.externaltools.gnu-tools-for-stm32.9-2020-q2-update.win32_2.0.0.202105311346/tools/bin/../lib/gcc/arm-none-eabi/9.3.1/../../../../arm-none-eabi/lib/thumb/v7e-m+fp/hard\libc_nano.a(lib_a-memset.o)
                0x0000000008018c0c                memset
 *(.glue_7)
 .glue_7        0x0000000008018c1c        0x0 linker stubs
 *(.glue_7t)
 .glue_7t       0x0000000008018c1c        0x0 linker stubs
 *(.eh_frame)
 .eh_frame      0x0000000008018c1c        0x0 c:/st/stm32cubeide_1.8.0/stm32cubeide/plugins/com.st.stm32cube.ide.mcu.externaltools.gnu-tools-for-stm32.9-2020-q2-update.win32_2.0.0.202105311346/tools/bin/../lib/gcc/arm-none-eabi/9.3.1/thumb/v7e-m+fp/hard/crtbegin.o
 *(.init)
 .init          0x0000000008018c1c        0x4 c:/st/stm32cubeide_1.8.0/stm32cubeide/plugins/com.st.stm32cube.ide.mcu.externaltools.gnu-tools-for-stm32.9-2020-q2-update.win32_2.0.0.202105311346/tools/bin/../lib/gcc/arm-none-eabi/9.3.1/thumb/v7e-m+fp/hard/crti.o
                0x0000000008018c1c                _init
 .init          0x0000000008018c20        0x8 c:/st/stm32cubeide_1.8.0/stm32cubeide/plugins/com.st.stm32cube.ide.mcu.externaltools.gnu-tools-for-stm32.9-2020-q2-update.win32_2.0.0.202105311346/tools/bin/../lib/gcc/arm-none-eabi/9.3.1/thumb/v7e-m+fp/hard/crtn.o
 *(.fini)
 .fini          0x0000000008018c28        0x4 c:/st/stm32cubeide_1.8.0/stm32cubeide/plugins/com.st.stm32cube.ide.mcu.externaltools.gnu-tools-for-stm32.9-2020-q2-update.win32_2.0.0.202105311346/tools/bin/../lib/gcc/arm-none-eabi/9.3.1/thumb/v7e-m+fp/hard/crti.o
                0x0000000008018c28                _fini
 .fini          0x0000000008018c2c        0x8 c:/st/stm32cubeide_1.8.0/stm32cubeide/plugins/com.st.stm32cube.ide.mcu.externaltools.gnu-tools-for-stm32.9-2020-q2-update.win32_2.0.0.202105311346/tools/bin/../lib/gcc/arm-none-eabi/9.3.1/thumb/v7e-m+fp/hard/crtn.o
                0x0000000008018c34                . = ALIGN (0x4)
                0x0000000008018c34                _etext = .

.vfp11_veneer   0x0000000008018c34        0x0
 .vfp11_veneer  0x0000000008018c34        0x0 linker stubs

.v4_bx          0x0000000008018c34        0x0
 .v4_bx         0x0000000008018c34        0x0 linker stubs

.iplt           0x0000000008018c34        0x0
 .iplt          0x0000000008018c34        0x0 c:/st/stm32cubeide_1.8.0/stm32cubeide/plugins/com.st.stm32cube.ide.mcu.externaltools.gnu-tools-for-stm32.9-2020-q2-update.win32_2.0.0.202105311346/tools/bin/../lib/gcc/arm-none-eabi/9.3.1/thumb/v7e-m+fp/hard/crtbegin.o

.rodata         0x0000000008018c34    0x400b0
                0x0000000008018c34                . = ALIGN (0x4)
 *(.rodata)
 .rodata        0x0000000008018c34       0x42 ./USB_DEVICE/App/usbd_desc.o
 *(.rodata*)
 *fill*         0x0000000008018c76        0x2 
 .rodata.flash_image_img
                0x0000000008018c78    0x40000 ./Core/Src/flash_image.o
                0x0000000008018c78                flash_image_img
 .rodata.AHBPrescTable
                0x0000000008058c78       0x10 ./Core/Src/system_stm32f3xx.o
                0x0000000008058c78                AHBPrescTable
 .rodata.aPLLMULFactorTable
                0x0000000008058c88       0x10 ./Drivers/STM32F3xx_HAL_Driver/Src/stm32f3xx_hal_rcc.o
 .rodata.aPredivFactorTable
                0x0000000008058c98       0x10 ./Drivers/STM32F3xx_HAL_Driver/Src/stm32f3xx_hal_rcc.o
 .rodata.MSC_Page00_Inquiry_Data
                0x0000000008058ca8        0x7 ./Middlewares/ST/STM32_USB_Device_Library/Class/MSC/Src/usbd_msc_data.o
                0x0000000008058ca8                MSC_Page00_Inquiry_Data
 *fill*         0x0000000008058caf        0x1 
 .rodata.MSC_Mode_Sense6_data
                0x0000000008058cb0        0x8 ./Middlewares/ST/STM32_USB_Device_Library/Class/MSC/Src/usbd_msc_data.o
                0x0000000008058cb0                MSC_Mode_Sense6_data
 .rodata.MSC_Mode_Sense10_data
                0x0000000008058cb8        0x8 ./Middlewares/ST/STM32_USB_Device_Library/Class/MSC/Src/usbd_msc_data.o
                0x0000000008058cb8                MSC_Mode_Sense10_data
 .rodata.STORAGE_Inquirydata_FS
                0x0000000008058cc0       0x24 ./USB_DEVICE/App/usbd_storage_if.o
                0x0000000008058cc0                STORAGE_Inquirydata_FS
                0x0000000008058ce4                . = ALIGN (0x4)

.rel.dyn        0x0000000008058ce4        0x0
 .rel.iplt      0x0000000008058ce4        0x0 c:/st/stm32cubeide_1.8.0/stm32cubeide/plugins/com.st.stm32cube.ide.mcu.externaltools.gnu-tools-for-stm32.9-2020-q2-update.win32_2.0.0.202105311346/tools/bin/../lib/gcc/arm-none-eabi/9.3.1/thumb/v7e-m+fp/hard/crtbegin.o

.ARM.extab      0x0000000008058ce4        0x0
                0x0000000008058ce4                . = ALIGN (0x4)
 *(.ARM.extab* .gnu.linkonce.armextab.*)
                0x0000000008058ce4                . = ALIGN (0x4)

.ARM            0x0000000008058ce4        0x0
                0x0000000008058ce4                . = ALIGN (0x4)
                0x0000000008058ce4                __exidx_start = .
 *(.ARM.exidx*)
                0x0000000008058ce4                __exidx_end = .
                0x0000000008058ce4                . = ALIGN (0x4)

.preinit_array  0x0000000008058ce4        0x0
                0x0000000008058ce4                . = ALIGN (0x4)
                0x0000000008058ce4                PROVIDE (__preinit_array_start = .)
 *(.preinit_array*)
                0x0000000008058ce4                PROVIDE (__preinit_array_end = .)
                0x0000000008058ce4                . = ALIGN (0x4)

.init_array     0x0000000008058ce4        0x4
                0x0000000008058ce4                . = ALIGN (0x4)
                0x0000000008058ce4                PROVIDE (__init_array_start = .)
 *(SORT_BY_NAME(.init_array.*))
 *(.init_array*)
 .init_array    0x0000000008058ce4        0x4 c:/st/stm32cubeide_1.8.0/stm32cubeide/plugins/com.st.stm32cube.ide.mcu.externaltools.gnu-tools-for-stm32.9-2020-q2-update.win32_2.0.0.202105311346/tools/bin/../lib/gcc/arm-none-eabi/9.3.1/thumb/v7e-m+fp/hard/crtbegin.o
                0x0000000008058ce8                PROVIDE (__init_array_end = .)
                0x0000000008058ce8                . = ALIGN (0x4)

.fini_array     0x0000000008058ce8        0x4
                0x0000000008058ce8                . = ALIGN (0x4)
                [!provide]                        PROVIDE (__fini_array_start = .)
 *(SORT_BY_NAME(.fini_array.*))
 *(.fini_array*)
 .fini_array    0x0000000008058ce8        0x4 c:/st/stm32cubeide_1.8.0/stm32cubeide/plugins/com.st.stm32cube.ide.mcu.externaltools.gnu-tools-for-stm32.9-2020-q2-update.win32_2.0.0.202105311346/tools/bin/../lib/gcc/arm-none-eabi/9.3.1/thumb/v7e-m+fp/hard/crtbegin.o
                [!provide]                        PROVIDE (__fini_array_end = .)
                0x0000000008058cec                . = ALIGN (0x4)
                0x0000000008058cec                _sidata = LOADADDR (.data)

.data           0x0000000020000000      0x120 load address 0x0000000008058cec
                0x0000000020000000                . = ALIGN (0x4)
                0x0000000020000000                _sdata = .
 *(.data)
 *(.data*)
 .data.SystemCoreClock
                0x0000000020000000        0x4 ./Core/Src/system_stm32f3xx.o
                0x0000000020000000                SystemCoreClock
 .data.uwTickPrio
                0x0000000020000004        0x4 ./Drivers/STM32F3xx_HAL_Driver/Src/stm32f3xx_hal.o
                0x0000000020000004                uwTickPrio
 .data.uwTickFreq
                0x0000000020000008        0x1 ./Drivers/STM32F3xx_HAL_Driver/Src/stm32f3xx_hal.o
                0x0000000020000008                uwTickFreq
 *fill*         0x0000000020000009        0x3 
 .data.USBD_MSC
                0x000000002000000c       0x38 ./Middlewares/ST/STM32_USB_Device_Library/Class/MSC/Src/usbd_msc.o
                0x000000002000000c                USBD_MSC
 .data.USBD_MSC_CfgHSDesc
                0x0000000020000044       0x20 ./Middlewares/ST/STM32_USB_Device_Library/Class/MSC/Src/usbd_msc.o
                0x0000000020000044                USBD_MSC_CfgHSDesc
 .data.USBD_MSC_CfgFSDesc
                0x0000000020000064       0x20 ./Middlewares/ST/STM32_USB_Device_Library/Class/MSC/Src/usbd_msc.o
                0x0000000020000064                USBD_MSC_CfgFSDesc
 .data.USBD_MSC_OtherSpeedCfgDesc
                0x0000000020000084       0x20 ./Middlewares/ST/STM32_USB_Device_Library/Class/MSC/Src/usbd_msc.o
                0x0000000020000084                USBD_MSC_OtherSpeedCfgDesc
 .data.USBD_MSC_DeviceQualifierDesc
                0x00000000200000a4        0xa ./Middlewares/ST/STM32_USB_Device_Library/Class/MSC/Src/usbd_msc.o
                0x00000000200000a4                USBD_MSC_DeviceQualifierDesc
 *fill*         0x00000000200000ae        0x2 
 .data.FS_Desc  0x00000000200000b0       0x1c ./USB_DEVICE/App/usbd_desc.o
                0x00000000200000b0                FS_Desc
 .data.USBD_FS_DeviceDesc
                0x00000000200000cc       0x12 ./USB_DEVICE/App/usbd_desc.o
                0x00000000200000cc                USBD_FS_DeviceDesc
 *fill*         0x00000000200000de        0x2 
 .data.USBD_LangIDDesc
                0x00000000200000e0        0x4 ./USB_DEVICE/App/usbd_desc.o
                0x00000000200000e0                USBD_LangIDDesc
 .data.USBD_StringSerial
                0x00000000200000e4       0x1a ./USB_DEVICE/App/usbd_desc.o
                0x00000000200000e4                USBD_StringSerial
 *fill*         0x00000000200000fe        0x2 
 .data.USBD_Storage_Interface_fops_FS
                0x0000000020000100       0x20 ./USB_DEVICE/App/usbd_storage_if.o
                0x0000000020000100                USBD_Storage_Interface_fops_FS
 *(.RamFunc)
 *(.RamFunc*)
                0x0000000020000120                . = ALIGN (0x4)
                0x0000000020000120                _edata = .
                0x0000000008058e0c                _siccmram = LOADADDR (.ccmram)

.igot.plt       0x0000000020000120        0x0 load address 0x0000000008058e0c
 .igot.plt      0x0000000020000120        0x0 c:/st/stm32cubeide_1.8.0/stm32cubeide/plugins/com.st.stm32cube.ide.mcu.externaltools.gnu-tools-for-stm32.9-2020-q2-update.win32_2.0.0.202105311346/tools/bin/../lib/gcc/arm-none-eabi/9.3.1/thumb/v7e-m+fp/hard/crtbegin.o

.ccmram         0x0000000010000000        0x0 load address 0x0000000008058e0c
                0x0000000010000000                . = ALIGN (0x4)
                0x0000000010000000                _sccmram = .
 *(.ccmram)
 *(.ccmram*)
                0x0000000010000000                . = ALIGN (0x4)
                0x0000000010000000                _eccmram = .
                0x0000000010000000                . = ALIGN (0x4)

.bss            0x0000000020000120      0xa2c
                0x0000000020000120                _sbss = .
                0x0000000020000120                __bss_start__ = _sbss
 *(.bss)
 .bss           0x0000000020000120       0x1c c:/st/stm32cubeide_1.8.0/stm32cubeide/plugins/com.st.stm32cube.ide.mcu.externaltools.gnu-tools-for-stm32.9-2020-q2-update.win32_2.0.0.202105311346/tools/bin/../lib/gcc/arm-none-eabi/9.3.1/thumb/v7e-m+fp/hard/crtbegin.o
 *(.bss*)
 .bss.cfgidx.9886
                0x000000002000013c        0x1 ./Middlewares/ST/STM32_USB_Device_Library/Core/Src/usbd_ctlreq.o
 *fill*         0x000000002000013d        0x3 
 .bss.mem.10020
                0x0000000020000140      0x270 ./USB_DEVICE/Target/usbd_conf.o
 *(COMMON)
 COMMON         0x00000000200003b0        0x4 ./Drivers/STM32F3xx_HAL_Driver/Src/stm32f3xx_hal.o
                0x00000000200003b0                uwTick
 COMMON         0x00000000200003b4      0x2c4 ./USB_DEVICE/App/usb_device.o
                0x00000000200003b4                hUsbDeviceFS
 COMMON         0x0000000020000678      0x200 ./USB_DEVICE/App/usbd_desc.o
                0x0000000020000678                USBD_StrDesc
 COMMON         0x0000000020000878      0x2d4 ./USB_DEVICE/Target/usbd_conf.o
                0x0000000020000878                hpcd_USB_FS
                0x0000000020000b4c                . = ALIGN (0x4)
                0x0000000020000b4c                _ebss = .
                0x0000000020000b4c                __bss_end__ = _ebss

._user_heap_stack
                0x0000000020000b4c      0x604
                0x0000000020000b50                . = ALIGN (0x8)
 *fill*         0x0000000020000b4c        0x4 
                [!provide]                        PROVIDE (end = .)
                0x0000000020000b50                PROVIDE (_end = .)
                0x0000000020000d50                . = (. + _Min_Heap_Size)
 *fill*         0x0000000020000b50      0x200 
                0x0000000020001150                . = (. + _Min_Stack_Size)
 *fill*         0x0000000020000d50      0x400 
                0x0000000020001150                . = ALIGN (0x8)

/DISCARD/
 libc.a(*)
 libm.a(*)
 libgcc.a(*)

.ARM.attributes
                0x0000000000000000       0x30
 *(.ARM.attributes)
 .ARM.attributes
                0x0000000000000000       0x1e c:/st/stm32cubeide_1.8.0/stm32cubeide/plugins/com.st.stm32cube.ide.mcu.externaltools.gnu-tools-for-stm32.9-2020-q2-update.win32_2.0.0.202105311346/tools/bin/../lib/gcc/arm-none-eabi/9.3.1/thumb/v7e-m+fp/hard/crti.o
 .ARM.attributes
                0x000000000000001e       0x34 c:/st/stm32cubeide_1.8.0/stm32cubeide/plugins/com.st.stm32cube.ide.mcu.externaltools.gnu-tools-for-stm32.9-2020-q2-update.win32_2.0.0.202105311346/tools/bin/../lib/gcc/arm-none-eabi/9.3.1/thumb/v7e-m+fp/hard/crtbegin.o
 .ARM.attributes
                0x0000000000000052       0x39 ./Core/Src/flash_image.o
 .ARM.attributes
                0x000000000000008b       0x34 ./Core/Src/main.o
 .ARM.attributes
                0x00000000000000bf       0x34 ./Core/Src/stm32f3xx_hal_msp.o
 .ARM.attributes
                0x00000000000000f3       0x34 ./Core/Src/stm32f3xx_it.o
 .ARM.attributes
                0x0000000000000127       0x34 ./Core/Src/system_stm32f3xx.o
 .ARM.attributes
                0x000000000000015b       0x21 ./Core/Startup/startup_stm32f303retx.o
 .ARM.attributes
                0x000000000000017c       0x34 ./Drivers/STM32F3xx_HAL_Driver/Src/stm32f3xx_hal.o
 .ARM.attributes
                0x00000000000001b0       0x34 ./Drivers/STM32F3xx_HAL_Driver/Src/stm32f3xx_hal_cortex.o
 .ARM.attributes
                0x00000000000001e4       0x34 ./Drivers/STM32F3xx_HAL_Driver/Src/stm32f3xx_hal_gpio.o
 .ARM.attributes
                0x0000000000000218       0x34 ./Drivers/STM32F3xx_HAL_Driver/Src/stm32f3xx_hal_pcd.o
 .ARM.attributes
                0x000000000000024c       0x34 ./Drivers/STM32F3xx_HAL_Driver/Src/stm32f3xx_hal_pcd_ex.o
 .ARM.attributes
                0x0000000000000280       0x34 ./Drivers/STM32F3xx_HAL_Driver/Src/stm32f3xx_hal_rcc.o
 .ARM.attributes
                0x00000000000002b4       0x34 ./Drivers/STM32F3xx_HAL_Driver/Src/stm32f3xx_hal_rcc_ex.o
 .ARM.attributes
                0x00000000000002e8       0x34 ./Drivers/STM32F3xx_HAL_Driver/Src/stm32f3xx_ll_usb.o
 .ARM.attributes
                0x000000000000031c       0x34 ./Middlewares/ST/STM32_USB_Device_Library/Class/MSC/Src/usbd_msc.o
 .ARM.attributes
                0x0000000000000350       0x34 ./Middlewares/ST/STM32_USB_Device_Library/Class/MSC/Src/usbd_msc_bot.o
 .ARM.attributes
                0x0000000000000384       0x39 ./Middlewares/ST/STM32_USB_Device_Library/Class/MSC/Src/usbd_msc_data.o
 .ARM.attributes
                0x00000000000003bd       0x34 ./Middlewares/ST/STM32_USB_Device_Library/Class/MSC/Src/usbd_msc_scsi.o
 .ARM.attributes
                0x00000000000003f1       0x34 ./Middlewares/ST/STM32_USB_Device_Library/Core/Src/usbd_core.o
 .ARM.attributes
                0x0000000000000425       0x34 ./Middlewares/ST/STM32_USB_Device_Library/Core/Src/usbd_ctlreq.o
 .ARM.attributes
                0x0000000000000459       0x34 ./Middlewares/ST/STM32_USB_Device_Library/Core/Src/usbd_ioreq.o
 .ARM.attributes
                0x000000000000048d       0x34 ./USB_DEVICE/App/usb_device.o
 .ARM.attributes
                0x00000000000004c1       0x34 ./USB_DEVICE/App/usbd_desc.o
 .ARM.attributes
                0x00000000000004f5       0x34 ./USB_DEVICE/App/usbd_storage_if.o
 .ARM.attributes
                0x0000000000000529       0x34 ./USB_DEVICE/Target/usbd_conf.o
 .ARM.attributes
                0x000000000000055d       0x34 c:/st/stm32cubeide_1.8.0/stm32cubeide/plugins/com.st.stm32cube.ide.mcu.externaltools.gnu-tools-for-stm32.9-2020-q2-update.win32_2.0.0.202105311346/tools/bin/../lib/gcc/arm-none-eabi/9.3.1/../../../../arm-none-eabi/lib/thumb/v7e-m+fp/hard\libc_nano.a(lib_a-init.o)
 .ARM.attributes
                0x0000000000000591       0x34 c:/st/stm32cubeide_1.8.0/stm32cubeide/plugins/com.st.stm32cube.ide.mcu.externaltools.gnu-tools-for-stm32.9-2020-q2-update.win32_2.0.0.202105311346/tools/bin/../lib/gcc/arm-none-eabi/9.3.1/../../../../arm-none-eabi/lib/thumb/v7e-m+fp/hard\libc_nano.a(lib_a-memcpy-stub.o)
 .ARM.attributes
                0x00000000000005c5       0x34 c:/st/stm32cubeide_1.8.0/stm32cubeide/plugins/com.st.stm32cube.ide.mcu.externaltools.gnu-tools-for-stm32.9-2020-q2-update.win32_2.0.0.202105311346/tools/bin/../lib/gcc/arm-none-eabi/9.3.1/../../../../arm-none-eabi/lib/thumb/v7e-m+fp/hard\libc_nano.a(lib_a-memset.o)
 .ARM.attributes
                0x00000000000005f9       0x1e c:/st/stm32cubeide_1.8.0/stm32cubeide/plugins/com.st.stm32cube.ide.mcu.externaltools.gnu-tools-for-stm32.9-2020-q2-update.win32_2.0.0.202105311346/tools/bin/../lib/gcc/arm-none-eabi/9.3.1/thumb/v7e-m+fp/hard/crtn.o
OUTPUT(blinky on pc11.elf elf32-littlearm)
LOAD linker stubs
LOAD c:/st/stm32cubeide_1.8.0/stm32cubeide/plugins/com.st.stm32cube.ide.mcu.externaltools.gnu-tools-for-stm32.9-2020-q2-update.win32_2.0.0.202105311346/tools/bin/../lib/gcc/arm-none-eabi/9.3.1/../../../../arm-none-eabi/lib/thumb/v7e-m+fp/hard\libc.a
LOAD c:/st/stm32cubeide_1.8.0/stm32cubeide/plugins/com.st.stm32cube.ide.mcu.externaltools.gnu-tools-for-stm32.9-2020-q2-update.win32_2.0.0.202105311346/tools/bin/../lib/gcc/arm-none-eabi/9.3.1/../../../../arm-none-eabi/lib/thumb/v7e-m+fp/hard\libm.a
LOAD c:/st/stm32cubeide_1.8.0/stm32cubeide/plugins/com.st.stm32cube.ide.mcu.externaltools.gnu-tools-for-stm32.9-2020-q2-update.win32_2.0.0.202105311346/tools/bin/../lib/gcc/arm-none-eabi/9.3.1/thumb/v7e-m+fp/hard\libgcc.a

.debug_info     0x0000000000000000    0x1657a
 .debug_info    0x0000000000000000       0x5f ./Core/Src/flash_image.o
 .debug_info    0x000000000000005f     0x100d ./Core/Src/main.o
 .debug_info    0x000000000000106c      0x299 ./Core/Src/stm32f3xx_hal_msp.o
 .debug_info    0x0000000000001305      0x716 ./Core/Src/stm32f3xx_it.o
 .debug_info    0x0000000000001a1b      0x49a ./Core/Src/system_stm32f3xx.o
 .debug_info    0x0000000000001eb5       0x22 ./Core/Startup/startup_stm32f303retx.o
 .debug_info    0x0000000000001ed7      0x86d ./Drivers/STM32F3xx_HAL_Driver/Src/stm32f3xx_hal.o
 .debug_info    0x0000000000002744      0xea9 ./Drivers/STM32F3xx_HAL_Driver/Src/stm32f3xx_hal_cortex.o
 .debug_info    0x00000000000035ed      0x83d ./Drivers/STM32F3xx_HAL_Driver/Src/stm32f3xx_hal_gpio.o
 .debug_info    0x0000000000003e2a     0x1695 ./Drivers/STM32F3xx_HAL_Driver/Src/stm32f3xx_hal_pcd.o
 .debug_info    0x00000000000054bf      0x7ff ./Drivers/STM32F3xx_HAL_Driver/Src/stm32f3xx_hal_pcd_ex.o
 .debug_info    0x0000000000005cbe     0x155b ./Drivers/STM32F3xx_HAL_Driver/Src/stm32f3xx_hal_rcc.o
 .debug_info    0x0000000000007219      0x6d9 ./Drivers/STM32F3xx_HAL_Driver/Src/stm32f3xx_hal_rcc_ex.o
 .debug_info    0x00000000000078f2     0x1867 ./Drivers/STM32F3xx_HAL_Driver/Src/stm32f3xx_ll_usb.o
 .debug_info    0x0000000000009159     0x1544 ./Middlewares/ST/STM32_USB_Device_Library/Class/MSC/Src/usbd_msc.o
 .debug_info    0x000000000000a69d     0x14e7 ./Middlewares/ST/STM32_USB_Device_Library/Class/MSC/Src/usbd_msc_bot.o
 .debug_info    0x000000000000bb84      0xa87 ./Middlewares/ST/STM32_USB_Device_Library/Class/MSC/Src/usbd_msc_data.o
 .debug_info    0x000000000000c60b     0x18d7 ./Middlewares/ST/STM32_USB_Device_Library/Class/MSC/Src/usbd_msc_scsi.o
 .debug_info    0x000000000000dee2     0x12f2 ./Middlewares/ST/STM32_USB_Device_Library/Core/Src/usbd_core.o
 .debug_info    0x000000000000f1d4     0x125f ./Middlewares/ST/STM32_USB_Device_Library/Core/Src/usbd_ctlreq.o
 .debug_info    0x0000000000010433     0x1031 ./Middlewares/ST/STM32_USB_Device_Library/Core/Src/usbd_ioreq.o
 .debug_info    0x0000000000011464     0x1032 ./USB_DEVICE/App/usb_device.o
 .debug_info    0x0000000000012496      0xdeb ./USB_DEVICE/App/usbd_desc.o
 .debug_info    0x0000000000013281     0x1222 ./USB_DEVICE/App/usbd_storage_if.o
 .debug_info    0x00000000000144a3     0x20d7 ./USB_DEVICE/Target/usbd_conf.o

.debug_abbrev   0x0000000000000000     0x358e
 .debug_abbrev  0x0000000000000000       0x4a ./Core/Src/flash_image.o
 .debug_abbrev  0x000000000000004a      0x27d ./Core/Src/main.o
 .debug_abbrev  0x00000000000002c7      0x11d ./Core/Src/stm32f3xx_hal_msp.o
 .debug_abbrev  0x00000000000003e4      0x173 ./Core/Src/stm32f3xx_it.o
 .debug_abbrev  0x0000000000000557      0x145 ./Core/Src/system_stm32f3xx.o
 .debug_abbrev  0x000000000000069c       0x12 ./Core/Startup/startup_stm32f303retx.o
 .debug_abbrev  0x00000000000006ae      0x1ed ./Drivers/STM32F3xx_HAL_Driver/Src/stm32f3xx_hal.o
 .debug_abbrev  0x000000000000089b      0x333 ./Drivers/STM32F3xx_HAL_Driver/Src/stm32f3xx_hal_cortex.o
 .debug_abbrev  0x0000000000000bce      0x1e8 ./Drivers/STM32F3xx_HAL_Driver/Src/stm32f3xx_hal_gpio.o
 .debug_abbrev  0x0000000000000db6      0x2ba ./Drivers/STM32F3xx_HAL_Driver/Src/stm32f3xx_hal_pcd.o
 .debug_abbrev  0x0000000000001070      0x1ac ./Drivers/STM32F3xx_HAL_Driver/Src/stm32f3xx_hal_pcd_ex.o
 .debug_abbrev  0x000000000000121c      0x2b1 ./Drivers/STM32F3xx_HAL_Driver/Src/stm32f3xx_hal_rcc.o
 .debug_abbrev  0x00000000000014cd      0x21a ./Drivers/STM32F3xx_HAL_Driver/Src/stm32f3xx_hal_rcc_ex.o
 .debug_abbrev  0x00000000000016e7      0x25c ./Drivers/STM32F3xx_HAL_Driver/Src/stm32f3xx_ll_usb.o
 .debug_abbrev  0x0000000000001943      0x2b5 ./Middlewares/ST/STM32_USB_Device_Library/Class/MSC/Src/usbd_msc.o
 .debug_abbrev  0x0000000000001bf8      0x2eb ./Middlewares/ST/STM32_USB_Device_Library/Class/MSC/Src/usbd_msc_bot.o
 .debug_abbrev  0x0000000000001ee3      0x1ad ./Middlewares/ST/STM32_USB_Device_Library/Class/MSC/Src/usbd_msc_data.o
 .debug_abbrev  0x0000000000002090      0x324 ./Middlewares/ST/STM32_USB_Device_Library/Class/MSC/Src/usbd_msc_scsi.o
 .debug_abbrev  0x00000000000023b4      0x2a8 ./Middlewares/ST/STM32_USB_Device_Library/Core/Src/usbd_core.o
 .debug_abbrev  0x000000000000265c      0x2de ./Middlewares/ST/STM32_USB_Device_Library/Core/Src/usbd_ctlreq.o
 .debug_abbrev  0x000000000000293a      0x20a ./Middlewares/ST/STM32_USB_Device_Library/Core/Src/usbd_ioreq.o
 .debug_abbrev  0x0000000000002b44      0x1e9 ./USB_DEVICE/App/usb_device.o
 .debug_abbrev  0x0000000000002d2d      0x2ca ./USB_DEVICE/App/usbd_desc.o
 .debug_abbrev  0x0000000000002ff7      0x275 ./USB_DEVICE/App/usbd_storage_if.o
 .debug_abbrev  0x000000000000326c      0x322 ./USB_DEVICE/Target/usbd_conf.o

.debug_aranges  0x0000000000000000      0xb80
 .debug_aranges
                0x0000000000000000       0x18 ./Core/Src/flash_image.o
 .debug_aranges
                0x0000000000000018       0x38 ./Core/Src/main.o
 .debug_aranges
                0x0000000000000050       0x20 ./Core/Src/stm32f3xx_hal_msp.o
 .debug_aranges
                0x0000000000000070       0x68 ./Core/Src/stm32f3xx_it.o
 .debug_aranges
                0x00000000000000d8       0x28 ./Core/Src/system_stm32f3xx.o
 .debug_aranges
                0x0000000000000100       0x28 ./Core/Startup/startup_stm32f303retx.o
 .debug_aranges
                0x0000000000000128       0xe0 ./Drivers/STM32F3xx_HAL_Driver/Src/stm32f3xx_hal.o
 .debug_aranges
                0x0000000000000208      0x128 ./Drivers/STM32F3xx_HAL_Driver/Src/stm32f3xx_hal_cortex.o
 .debug_aranges
                0x0000000000000330       0x58 ./Drivers/STM32F3xx_HAL_Driver/Src/stm32f3xx_hal_gpio.o
 .debug_aranges
                0x0000000000000388      0x140 ./Drivers/STM32F3xx_HAL_Driver/Src/stm32f3xx_hal_pcd.o
 .debug_aranges
                0x00000000000004c8       0x38 ./Drivers/STM32F3xx_HAL_Driver/Src/stm32f3xx_hal_pcd_ex.o
 .debug_aranges
                0x0000000000000500       0x88 ./Drivers/STM32F3xx_HAL_Driver/Src/stm32f3xx_hal_rcc.o
 .debug_aranges
                0x0000000000000588       0x38 ./Drivers/STM32F3xx_HAL_Driver/Src/stm32f3xx_hal_rcc_ex.o
 .debug_aranges
                0x00000000000005c0       0xc8 ./Drivers/STM32F3xx_HAL_Driver/Src/stm32f3xx_ll_usb.o
 .debug_aranges
                0x0000000000000688       0x68 ./Middlewares/ST/STM32_USB_Device_Library/Class/MSC/Src/usbd_msc.o
 .debug_aranges
                0x00000000000006f0       0x68 ./Middlewares/ST/STM32_USB_Device_Library/Class/MSC/Src/usbd_msc_bot.o
 .debug_aranges
                0x0000000000000758       0x18 ./Middlewares/ST/STM32_USB_Device_Library/Class/MSC/Src/usbd_msc_data.o
 .debug_aranges
                0x0000000000000770       0x98 ./Middlewares/ST/STM32_USB_Device_Library/Class/MSC/Src/usbd_msc_scsi.o
 .debug_aranges
                0x0000000000000808       0xb8 ./Middlewares/ST/STM32_USB_Device_Library/Core/Src/usbd_core.o
 .debug_aranges
                0x00000000000008c0       0x88 ./Middlewares/ST/STM32_USB_Device_Library/Core/Src/usbd_ctlreq.o
 .debug_aranges
                0x0000000000000948       0x50 ./Middlewares/ST/STM32_USB_Device_Library/Core/Src/usbd_ioreq.o
 .debug_aranges
                0x0000000000000998       0x20 ./USB_DEVICE/App/usb_device.o
 .debug_aranges
                0x00000000000009b8       0x60 ./USB_DEVICE/App/usbd_desc.o
 .debug_aranges
                0x0000000000000a18       0x50 ./USB_DEVICE/App/usbd_storage_if.o
 .debug_aranges
                0x0000000000000a68      0x118 ./USB_DEVICE/Target/usbd_conf.o

.debug_macro    0x0000000000000000    0x23205
 .debug_macro   0x0000000000000000       0x1b ./Core/Src/flash_image.o
 .debug_macro   0x000000000000001b      0xaa8 ./Core/Src/flash_image.o
 .debug_macro   0x0000000000000ac3      0x3d2 ./Core/Src/main.o
 .debug_macro   0x0000000000000e95      0x151 ./Core/Src/main.o
 .debug_macro   0x0000000000000fe6       0x2e ./Core/Src/main.o
 .debug_macro   0x0000000000001014       0x28 ./Core/Src/main.o
 .debug_macro   0x000000000000103c       0x22 ./Core/Src/main.o
 .debug_macro   0x000000000000105e       0x8e ./Core/Src/main.o
 .debug_macro   0x00000000000010ec       0x51 ./Core/Src/main.o
 .debug_macro   0x000000000000113d      0x103 ./Core/Src/main.o
 .debug_macro   0x0000000000001240       0x6a ./Core/Src/main.o
 .debug_macro   0x00000000000012aa      0x1df ./Core/Src/main.o
 .debug_macro   0x0000000000001489       0x1c ./Core/Src/main.o
 .debug_macro   0x00000000000014a5       0x22 ./Core/Src/main.o
 .debug_macro   0x00000000000014c7       0xdf ./Core/Src/main.o
 .debug_macro   0x00000000000015a6     0x102d ./Core/Src/main.o
 .debug_macro   0x00000000000025d3      0x11f ./Core/Src/main.o
 .debug_macro   0x00000000000026f2    0x1535a ./Core/Src/main.o
 .debug_macro   0x0000000000017a4c       0x6d ./Core/Src/main.o
 .debug_macro   0x0000000000017ab9     0x3574 ./Core/Src/main.o
 .debug_macro   0x000000000001b02d      0x174 ./Core/Src/main.o
 .debug_macro   0x000000000001b1a1       0x55 ./Core/Src/main.o
 .debug_macro   0x000000000001b1f6      0x953 ./Core/Src/main.o
 .debug_macro   0x000000000001bb49      0x84a ./Core/Src/main.o
 .debug_macro   0x000000000001c393      0x1b5 ./Core/Src/main.o
 .debug_macro   0x000000000001c548      0x23a ./Core/Src/main.o
 .debug_macro   0x000000000001c782      0x1ea ./Core/Src/main.o
 .debug_macro   0x000000000001c96c      0x1bc ./Core/Src/main.o
 .debug_macro   0x000000000001cb28       0x30 ./Core/Src/main.o
 .debug_macro   0x000000000001cb58       0x3c ./Core/Src/main.o
 .debug_macro   0x000000000001cb94      0x235 ./Core/Src/main.o
 .debug_macro   0x000000000001cdc9       0xc5 ./Core/Src/main.o
 .debug_macro   0x000000000001ce8e      0x21d ./Core/Src/main.o
 .debug_macro   0x000000000001d0ab      0x22c ./Core/Src/main.o
 .debug_macro   0x000000000001d2d7       0x5b ./Core/Src/main.o
 .debug_macro   0x000000000001d332       0xa5 ./Core/Src/main.o
 .debug_macro   0x000000000001d3d7       0x73 ./Core/Src/main.o
 .debug_macro   0x000000000001d44a      0x242 ./Core/Src/main.o
 .debug_macro   0x000000000001d68c       0x81 ./Core/Src/main.o
 .debug_macro   0x000000000001d70d       0xd3 ./Core/Src/main.o
 .debug_macro   0x000000000001d7e0      0x347 ./Core/Src/main.o
 .debug_macro   0x000000000001db27       0x52 ./Core/Src/main.o
 .debug_macro   0x000000000001db79       0x18 ./Core/Src/main.o
 .debug_macro   0x000000000001db91       0x3c ./Core/Src/main.o
 .debug_macro   0x000000000001dbcd       0x34 ./Core/Src/main.o
 .debug_macro   0x000000000001dc01       0x16 ./Core/Src/main.o
 .debug_macro   0x000000000001dc17       0x35 ./Core/Src/main.o
 .debug_macro   0x000000000001dc4c      0x333 ./Core/Src/main.o
 .debug_macro   0x000000000001df7f       0x10 ./Core/Src/main.o
 .debug_macro   0x000000000001df8f       0x16 ./Core/Src/main.o
 .debug_macro   0x000000000001dfa5       0x43 ./Core/Src/main.o
 .debug_macro   0x000000000001dfe8       0x34 ./Core/Src/main.o
 .debug_macro   0x000000000001e01c       0x10 ./Core/Src/main.o
 .debug_macro   0x000000000001e02c       0x58 ./Core/Src/main.o
 .debug_macro   0x000000000001e084       0x71 ./Core/Src/main.o
 .debug_macro   0x000000000001e0f5       0x1c ./Core/Src/main.o
 .debug_macro   0x000000000001e111      0x12a ./Core/Src/main.o
 .debug_macro   0x000000000001e23b       0x10 ./Core/Src/main.o
 .debug_macro   0x000000000001e24b       0x1c ./Core/Src/main.o
 .debug_macro   0x000000000001e267       0x52 ./Core/Src/main.o
 .debug_macro   0x000000000001e2b9       0x22 ./Core/Src/main.o
 .debug_macro   0x000000000001e2db       0x10 ./Core/Src/main.o
 .debug_macro   0x000000000001e2eb       0x40 ./Core/Src/main.o
 .debug_macro   0x000000000001e32b       0xd5 ./Core/Src/main.o
 .debug_macro   0x000000000001e400       0x1c ./Core/Src/main.o
 .debug_macro   0x000000000001e41c       0x3d ./Core/Src/main.o
 .debug_macro   0x000000000001e459       0x16 ./Core/Src/main.o
 .debug_macro   0x000000000001e46f      0x145 ./Core/Src/main.o
 .debug_macro   0x000000000001e5b4       0x16 ./Core/Src/main.o
 .debug_macro   0x000000000001e5ca       0x16 ./Core/Src/main.o
 .debug_macro   0x000000000001e5e0       0x29 ./Core/Src/main.o
 .debug_macro   0x000000000001e609       0x16 ./Core/Src/main.o
 .debug_macro   0x000000000001e61f       0x20 ./Core/Src/main.o
 .debug_macro   0x000000000001e63f       0x5f ./Core/Src/main.o
 .debug_macro   0x000000000001e69e      0x1c8 ./Core/Src/main.o
 .debug_macro   0x000000000001e866      0x1dd ./Core/Src/stm32f3xx_hal_msp.o
 .debug_macro   0x000000000001ea43      0x1e7 ./Core/Src/stm32f3xx_it.o
 .debug_macro   0x000000000001ec2a      0x1d3 ./Core/Src/system_stm32f3xx.o
 .debug_macro   0x000000000001edfd      0x1f7 ./Drivers/STM32F3xx_HAL_Driver/Src/stm32f3xx_hal.o
 .debug_macro   0x000000000001eff4      0x1d3 ./Drivers/STM32F3xx_HAL_Driver/Src/stm32f3xx_hal_cortex.o
 .debug_macro   0x000000000001f1c7      0x1da ./Drivers/STM32F3xx_HAL_Driver/Src/stm32f3xx_hal_gpio.o
 .debug_macro   0x000000000001f3a1      0x1df ./Drivers/STM32F3xx_HAL_Driver/Src/stm32f3xx_hal_pcd.o
 .debug_macro   0x000000000001f580      0x1d3 ./Drivers/STM32F3xx_HAL_Driver/Src/stm32f3xx_hal_pcd_ex.o
 .debug_macro   0x000000000001f753      0x1f7 ./Drivers/STM32F3xx_HAL_Driver/Src/stm32f3xx_hal_rcc.o
 .debug_macro   0x000000000001f94a      0x1d3 ./Drivers/STM32F3xx_HAL_Driver/Src/stm32f3xx_hal_rcc_ex.o
 .debug_macro   0x000000000001fb1d      0x1d3 ./Drivers/STM32F3xx_HAL_Driver/Src/stm32f3xx_ll_usb.o
 .debug_macro   0x000000000001fcf0      0x40f ./Middlewares/ST/STM32_USB_Device_Library/Class/MSC/Src/usbd_msc.o
 .debug_macro   0x00000000000200ff       0x97 ./Middlewares/ST/STM32_USB_Device_Library/Class/MSC/Src/usbd_msc.o
 .debug_macro   0x0000000000020196       0xfd ./Middlewares/ST/STM32_USB_Device_Library/Class/MSC/Src/usbd_msc.o
 .debug_macro   0x0000000000020293       0xd9 ./Middlewares/ST/STM32_USB_Device_Library/Class/MSC/Src/usbd_msc.o
 .debug_macro   0x000000000002036c       0x4f ./Middlewares/ST/STM32_USB_Device_Library/Class/MSC/Src/usbd_msc.o
 .debug_macro   0x00000000000203bb      0x1ce ./Middlewares/ST/STM32_USB_Device_Library/Class/MSC/Src/usbd_msc.o
 .debug_macro   0x0000000000020589       0x7c ./Middlewares/ST/STM32_USB_Device_Library/Class/MSC/Src/usbd_msc.o
 .debug_macro   0x0000000000020605      0x15a ./Middlewares/ST/STM32_USB_Device_Library/Class/MSC/Src/usbd_msc.o
 .debug_macro   0x000000000002075f       0x34 ./Middlewares/ST/STM32_USB_Device_Library/Class/MSC/Src/usbd_msc.o
 .debug_macro   0x0000000000020793      0x417 ./Middlewares/ST/STM32_USB_Device_Library/Class/MSC/Src/usbd_msc_bot.o
 .debug_macro   0x0000000000020baa      0x3b8 ./Middlewares/ST/STM32_USB_Device_Library/Class/MSC/Src/usbd_msc_data.o
 .debug_macro   0x0000000000020f62       0x1c ./Middlewares/ST/STM32_USB_Device_Library/Class/MSC/Src/usbd_msc_data.o
 .debug_macro   0x0000000000020f7e      0x420 ./Middlewares/ST/STM32_USB_Device_Library/Class/MSC/Src/usbd_msc_scsi.o
 .debug_macro   0x000000000002139e       0x22 ./Middlewares/ST/STM32_USB_Device_Library/Class/MSC/Src/usbd_msc_scsi.o
 .debug_macro   0x00000000000213c0      0x3da ./Middlewares/ST/STM32_USB_Device_Library/Core/Src/usbd_core.o
 .debug_macro   0x000000000002179a      0x3e4 ./Middlewares/ST/STM32_USB_Device_Library/Core/Src/usbd_ctlreq.o
 .debug_macro   0x0000000000021b7e      0x3e0 ./Middlewares/ST/STM32_USB_Device_Library/Core/Src/usbd_ioreq.o
 .debug_macro   0x0000000000021f5e      0x42c ./USB_DEVICE/App/usb_device.o
 .debug_macro   0x000000000002238a       0x22 ./USB_DEVICE/App/usb_device.o
 .debug_macro   0x00000000000223ac       0x82 ./USB_DEVICE/App/usb_device.o
 .debug_macro   0x000000000002242e      0x160 ./USB_DEVICE/App/usb_device.o
 .debug_macro   0x000000000002258e      0x417 ./USB_DEVICE/App/usbd_desc.o
 .debug_macro   0x00000000000229a5       0x1c ./USB_DEVICE/App/usbd_desc.o
 .debug_macro   0x00000000000229c1      0x435 ./USB_DEVICE/App/usbd_storage_if.o
 .debug_macro   0x0000000000022df6      0x40f ./USB_DEVICE/Target/usbd_conf.o

.debug_line     0x0000000000000000    0x1171f
 .debug_line    0x0000000000000000       0x57 ./Core/Src/flash_image.o
 .debug_line    0x0000000000000057      0xa5b ./Core/Src/main.o
 .debug_line    0x0000000000000ab2      0x6d4 ./Core/Src/stm32f3xx_hal_msp.o
 .debug_line    0x0000000000001186      0x7af ./Core/Src/stm32f3xx_it.o
 .debug_line    0x0000000000001935      0x750 ./Core/Src/system_stm32f3xx.o
 .debug_line    0x0000000000002085       0x88 ./Core/Startup/startup_stm32f303retx.o
 .debug_line    0x000000000000210d      0x980 ./Drivers/STM32F3xx_HAL_Driver/Src/stm32f3xx_hal.o
 .debug_line    0x0000000000002a8d      0xc73 ./Drivers/STM32F3xx_HAL_Driver/Src/stm32f3xx_hal_cortex.o
 .debug_line    0x0000000000003700      0xb07 ./Drivers/STM32F3xx_HAL_Driver/Src/stm32f3xx_hal_gpio.o
 .debug_line    0x0000000000004207     0x12dc ./Drivers/STM32F3xx_HAL_Driver/Src/stm32f3xx_hal_pcd.o
 .debug_line    0x00000000000054e3      0x74e ./Drivers/STM32F3xx_HAL_Driver/Src/stm32f3xx_hal_pcd_ex.o
 .debug_line    0x0000000000005c31     0x1331 ./Drivers/STM32F3xx_HAL_Driver/Src/stm32f3xx_hal_rcc.o
 .debug_line    0x0000000000006f62      0xe71 ./Drivers/STM32F3xx_HAL_Driver/Src/stm32f3xx_hal_rcc_ex.o
 .debug_line    0x0000000000007dd3      0xf7c ./Drivers/STM32F3xx_HAL_Driver/Src/stm32f3xx_ll_usb.o
 .debug_line    0x0000000000008d4f      0xcb8 ./Middlewares/ST/STM32_USB_Device_Library/Class/MSC/Src/usbd_msc.o
 .debug_line    0x0000000000009a07      0xca4 ./Middlewares/ST/STM32_USB_Device_Library/Class/MSC/Src/usbd_msc_bot.o
 .debug_line    0x000000000000a6ab      0x98c ./Middlewares/ST/STM32_USB_Device_Library/Class/MSC/Src/usbd_msc_data.o
 .debug_line    0x000000000000b037     0x1015 ./Middlewares/ST/STM32_USB_Device_Library/Class/MSC/Src/usbd_msc_scsi.o
 .debug_line    0x000000000000c04c      0xde2 ./Middlewares/ST/STM32_USB_Device_Library/Core/Src/usbd_core.o
 .debug_line    0x000000000000ce2e     0x1001 ./Middlewares/ST/STM32_USB_Device_Library/Core/Src/usbd_ctlreq.o
 .debug_line    0x000000000000de2f      0xa78 ./Middlewares/ST/STM32_USB_Device_Library/Core/Src/usbd_ioreq.o
 .debug_line    0x000000000000e8a7      0xa61 ./USB_DEVICE/App/usb_device.o
 .debug_line    0x000000000000f308      0xb01 ./USB_DEVICE/App/usbd_desc.o
 .debug_line    0x000000000000fe09      0xad7 ./USB_DEVICE/App/usbd_storage_if.o
 .debug_line    0x00000000000108e0      0xe3f ./USB_DEVICE/Target/usbd_conf.o

.debug_str      0x0000000000000000    0xc0cf2
 .debug_str     0x0000000000000000     0x2e27 ./Core/Src/flash_image.o
                                       0x2e42 (size before relaxing)
 .debug_str     0x0000000000002e27    0xba66f ./Core/Src/main.o
                                      0xbdc14 (size before relaxing)
 .debug_str     0x00000000000bd496       0x2c ./Core/Src/stm32f3xx_hal_msp.o
                                      0xb8c53 (size before relaxing)
 .debug_str     0x00000000000bd4c2      0x3f8 ./Core/Src/stm32f3xx_it.o
                                      0xb9014 (size before relaxing)
 .debug_str     0x00000000000bd8ba       0xb3 ./Core/Src/system_stm32f3xx.o
                                      0xb8cd3 (size before relaxing)
 .debug_str     0x00000000000bd96d       0x36 ./Core/Startup/startup_stm32f303retx.o
                                         0xb2 (size before relaxing)
 .debug_str     0x00000000000bd9a3      0x674 ./Drivers/STM32F3xx_HAL_Driver/Src/stm32f3xx_hal.o
                                      0xb94da (size before relaxing)
 .debug_str     0x00000000000be017      0x3d0 ./Drivers/STM32F3xx_HAL_Driver/Src/stm32f3xx_hal_cortex.o
                                      0xb961a (size before relaxing)
 .debug_str     0x00000000000be3e7      0x1a0 ./Drivers/STM32F3xx_HAL_Driver/Src/stm32f3xx_hal_gpio.o
                                      0xb8ef6 (size before relaxing)
 .debug_str     0x00000000000be587      0x3dc ./Drivers/STM32F3xx_HAL_Driver/Src/stm32f3xx_hal_pcd.o
                                      0xb93c6 (size before relaxing)
 .debug_str     0x00000000000be963      0x18d ./Drivers/STM32F3xx_HAL_Driver/Src/stm32f3xx_hal_pcd_ex.o
                                      0xb90ff (size before relaxing)
 .debug_str     0x00000000000beaf0      0x2fc ./Drivers/STM32F3xx_HAL_Driver/Src/stm32f3xx_hal_rcc.o
                                      0xb9145 (size before relaxing)
 .debug_str     0x00000000000bedec       0xd8 ./Drivers/STM32F3xx_HAL_Driver/Src/stm32f3xx_hal_rcc_ex.o
                                      0xb8f8f (size before relaxing)
 .debug_str     0x00000000000beec4      0x23a ./Drivers/STM32F3xx_HAL_Driver/Src/stm32f3xx_ll_usb.o
                                      0xb909a (size before relaxing)
 .debug_str     0x00000000000bf0fe      0xf1a ./Middlewares/ST/STM32_USB_Device_Library/Class/MSC/Src/usbd_msc.o
                                      0xbe787 (size before relaxing)
 .debug_str     0x00000000000c0018       0xf9 ./Middlewares/ST/STM32_USB_Device_Library/Class/MSC/Src/usbd_msc_bot.o
                                      0xbe6d3 (size before relaxing)
 .debug_str     0x00000000000c0111       0xfc ./Middlewares/ST/STM32_USB_Device_Library/Class/MSC/Src/usbd_msc_data.o
                                      0xbd04b (size before relaxing)
 .debug_str     0x00000000000c020d      0x178 ./Middlewares/ST/STM32_USB_Device_Library/Class/MSC/Src/usbd_msc_scsi.o
                                      0xbe809 (size before relaxing)
 .debug_str     0x00000000000c0385      0x1bc ./Middlewares/ST/STM32_USB_Device_Library/Core/Src/usbd_core.o
                                      0xbdd5f (size before relaxing)
 .debug_str     0x00000000000c0541      0x12f ./Middlewares/ST/STM32_USB_Device_Library/Core/Src/usbd_ctlreq.o
                                      0xbdce5 (size before relaxing)
 .debug_str     0x00000000000c0670       0xc9 ./Middlewares/ST/STM32_USB_Device_Library/Core/Src/usbd_ioreq.o
                                      0xbdc6d (size before relaxing)
 .debug_str     0x00000000000c0739       0xf8 ./USB_DEVICE/App/usb_device.o
                                      0xbe574 (size before relaxing)
 .debug_str     0x00000000000c0831      0x255 ./USB_DEVICE/App/usbd_desc.o
                                      0xbdbd5 (size before relaxing)
 .debug_str     0x00000000000c0a86      0x118 ./USB_DEVICE/App/usbd_storage_if.o
                                      0xbe605 (size before relaxing)
 .debug_str     0x00000000000c0b9e      0x154 ./USB_DEVICE/Target/usbd_conf.o
                                      0xbeff8 (size before relaxing)

.comment        0x0000000000000000       0x53
 .comment       0x0000000000000000       0x53 ./Core/Src/flash_image.o
                                         0x54 (size before relaxing)
 .comment       0x0000000000000053       0x54 ./Core/Src/main.o
 .comment       0x0000000000000053       0x54 ./Core/Src/stm32f3xx_hal_msp.o
 .comment       0x0000000000000053       0x54 ./Core/Src/stm32f3xx_it.o
 .comment       0x0000000000000053       0x54 ./Core/Src/system_stm32f3xx.o
 .comment       0x0000000000000053       0x54 ./Drivers/STM32F3xx_HAL_Driver/Src/stm32f3xx_hal.o
 .comment       0x0000000000000053       0x54 ./Drivers/STM32F3xx_HAL_Driver/Src/stm32f3xx_hal_cortex.o
 .comment       0x0000000000000053       0x54 ./Drivers/STM32F3xx_HAL_Driver/Src/stm32f3xx_hal_gpio.o
 .comment       0x0000000000000053       0x54 ./Drivers/STM32F3xx_HAL_Driver/Src/stm32f3xx_hal_pcd.o
 .comment       0x0000000000000053       0x54 ./Drivers/STM32F3xx_HAL_Driver/Src/stm32f3xx_hal_pcd_ex.o
 .comment       0x0000000000000053       0x54 ./Drivers/STM32F3xx_HAL_Driver/Src/stm32f3xx_hal_rcc.o
 .comment       0x0000000000000053       0x54 ./Drivers/STM32F3xx_HAL_Driver/Src/stm32f3xx_hal_rcc_ex.o
 .comment       0x0000000000000053       0x54 ./Drivers/STM32F3xx_HAL_Driver/Src/stm32f3xx_ll_usb.o
 .comment       0x0000000000000053       0x54 ./Middlewares/ST/STM32_USB_Device_Library/Class/MSC/Src/usbd_msc.o
 .comment       0x0000000000000053       0x54 ./Middlewares/ST/STM32_USB_Device_Library/Class/MSC/Src/usbd_msc_bot.o
 .comment       0x0000000000000053       0x54 ./Middlewares/ST/STM32_USB_Device_Library/Class/MSC/Src/usbd_msc_data.o
 .comment       0x0000000000000053       0x54 ./Middlewares/ST/STM32_USB_Device_Library/Class/MSC/Src/usbd_msc_scsi.o
 .comment       0x0000000000000053       0x54 ./Middlewares/ST/STM32_USB_Device_Library/Core/Src/usbd_core.o
 .comment       0x0000000000000053       0x54 ./Middlewares/ST/STM32_USB_Device_Library/Core/Src/usbd_ctlreq.o
 .comment       0x0000000000000053       0x54 ./Middlewares/ST/STM32_USB_Device_Library/Core/Src/usbd_ioreq.o
 .comment       0x0000000000000053       0x54 ./USB_DEVICE/App/usb_device.o
 .comment       0x0000000000000053       0x54 ./USB_DEVICE/App/usbd_desc.o
 .comment       0x0000000000000053       0x54 ./USB_DEVICE/App/usbd_storage_if.o
 .comment       0x0000000000000053       0x54 ./USB_DEVICE/Target/usbd_conf.o

.debug_ranges   0x0000000000000000      0x9e8
 .debug_ranges  0x0000000000000000       0x28 ./Core/Src/main.o
 .debug_ranges  0x0000000000000028       0x10 ./Core/Src/stm32f3xx_hal_msp.o
 .debug_ranges  0x0000000000000038       0x58 ./Core/Src/stm32f3xx_it.o
 .debug_ranges  0x0000000000000090       0x18 ./Core/Src/system_stm32f3xx.o
 .debug_ranges  0x00000000000000a8       0x20 ./Core/Startup/startup_stm32f303retx.o
 .debug_ranges  0x00000000000000c8       0xd0 ./Drivers/STM32F3xx_HAL_Driver/Src/stm32f3xx_hal.o
 .debug_ranges  0x0000000000000198      0x118 ./Drivers/STM32F3xx_HAL_Driver/Src/stm32f3xx_hal_cortex.o
 .debug_ranges  0x00000000000002b0       0x48 ./Drivers/STM32F3xx_HAL_Driver/Src/stm32f3xx_hal_gpio.o
 .debug_ranges  0x00000000000002f8      0x130 ./Drivers/STM32F3xx_HAL_Driver/Src/stm32f3xx_hal_pcd.o
 .debug_ranges  0x0000000000000428       0x28 ./Drivers/STM32F3xx_HAL_Driver/Src/stm32f3xx_hal_pcd_ex.o
 .debug_ranges  0x0000000000000450       0x78 ./Drivers/STM32F3xx_HAL_Driver/Src/stm32f3xx_hal_rcc.o
 .debug_ranges  0x00000000000004c8       0x28 ./Drivers/STM32F3xx_HAL_Driver/Src/stm32f3xx_hal_rcc_ex.o
 .debug_ranges  0x00000000000004f0       0xb8 ./Drivers/STM32F3xx_HAL_Driver/Src/stm32f3xx_ll_usb.o
 .debug_ranges  0x00000000000005a8       0x58 ./Middlewares/ST/STM32_USB_Device_Library/Class/MSC/Src/usbd_msc.o
 .debug_ranges  0x0000000000000600       0x58 ./Middlewares/ST/STM32_USB_Device_Library/Class/MSC/Src/usbd_msc_bot.o
 .debug_ranges  0x0000000000000658       0x88 ./Middlewares/ST/STM32_USB_Device_Library/Class/MSC/Src/usbd_msc_scsi.o
 .debug_ranges  0x00000000000006e0       0xa8 ./Middlewares/ST/STM32_USB_Device_Library/Core/Src/usbd_core.o
 .debug_ranges  0x0000000000000788       0x78 ./Middlewares/ST/STM32_USB_Device_Library/Core/Src/usbd_ctlreq.o
 .debug_ranges  0x0000000000000800       0x40 ./Middlewares/ST/STM32_USB_Device_Library/Core/Src/usbd_ioreq.o
 .debug_ranges  0x0000000000000840       0x10 ./USB_DEVICE/App/usb_device.o
 .debug_ranges  0x0000000000000850       0x50 ./USB_DEVICE/App/usbd_desc.o
 .debug_ranges  0x00000000000008a0       0x40 ./USB_DEVICE/App/usbd_storage_if.o
 .debug_ranges  0x00000000000008e0      0x108 ./USB_DEVICE/Target/usbd_conf.o

.debug_frame    0x0000000000000000     0x2b90
 .debug_frame   0x0000000000000000       0x90 ./Core/Src/main.o
 .debug_frame   0x0000000000000090       0x38 ./Core/Src/stm32f3xx_hal_msp.o
 .debug_frame   0x00000000000000c8      0x120 ./Core/Src/stm32f3xx_it.o
 .debug_frame   0x00000000000001e8       0x58 ./Core/Src/system_stm32f3xx.o
 .debug_frame   0x0000000000000240      0x334 ./Drivers/STM32F3xx_HAL_Driver/Src/stm32f3xx_hal.o
 .debug_frame   0x0000000000000574      0x4e8 ./Drivers/STM32F3xx_HAL_Driver/Src/stm32f3xx_hal_cortex.o
 .debug_frame   0x0000000000000a5c      0x14c ./Drivers/STM32F3xx_HAL_Driver/Src/stm32f3xx_hal_gpio.o
 .debug_frame   0x0000000000000ba8      0x590 ./Drivers/STM32F3xx_HAL_Driver/Src/stm32f3xx_hal_pcd.o
 .debug_frame   0x0000000000001138       0xb0 ./Drivers/STM32F3xx_HAL_Driver/Src/stm32f3xx_hal_pcd_ex.o
 .debug_frame   0x00000000000011e8      0x214 ./Drivers/STM32F3xx_HAL_Driver/Src/stm32f3xx_hal_rcc.o
 .debug_frame   0x00000000000013fc       0xb0 ./Drivers/STM32F3xx_HAL_Driver/Src/stm32f3xx_hal_rcc_ex.o
 .debug_frame   0x00000000000014ac      0x380 ./Drivers/STM32F3xx_HAL_Driver/Src/stm32f3xx_ll_usb.o
 .debug_frame   0x000000000000182c      0x190 ./Middlewares/ST/STM32_USB_Device_Library/Class/MSC/Src/usbd_msc.o
 .debug_frame   0x00000000000019bc      0x17c ./Middlewares/ST/STM32_USB_Device_Library/Class/MSC/Src/usbd_msc_bot.o
 .debug_frame   0x0000000000001b38      0x274 ./Middlewares/ST/STM32_USB_Device_Library/Class/MSC/Src/usbd_msc_scsi.o
 .debug_frame   0x0000000000001dac      0x300 ./Middlewares/ST/STM32_USB_Device_Library/Core/Src/usbd_core.o
 .debug_frame   0x00000000000020ac      0x218 ./Middlewares/ST/STM32_USB_Device_Library/Core/Src/usbd_ctlreq.o
 .debug_frame   0x00000000000022c4      0x10c ./Middlewares/ST/STM32_USB_Device_Library/Core/Src/usbd_ioreq.o
 .debug_frame   0x00000000000023d0       0x2c ./USB_DEVICE/App/usb_device.o
 .debug_frame   0x00000000000023fc      0x160 ./USB_DEVICE/App/usbd_desc.o
 .debug_frame   0x000000000000255c      0x11c ./USB_DEVICE/App/usbd_storage_if.o
 .debug_frame   0x0000000000002678      0x4a4 ./USB_DEVICE/Target/usbd_conf.o
 .debug_frame   0x0000000000002b1c       0x2c c:/st/stm32cubeide_1.8.0/stm32cubeide/plugins/com.st.stm32cube.ide.mcu.externaltools.gnu-tools-for-stm32.9-2020-q2-update.win32_2.0.0.202105311346/tools/bin/../lib/gcc/arm-none-eabi/9.3.1/../../../../arm-none-eabi/lib/thumb/v7e-m+fp/hard\libc_nano.a(lib_a-init.o)
 .debug_frame   0x0000000000002b48       0x28 c:/st/stm32cubeide_1.8.0/stm32cubeide/plugins/com.st.stm32cube.ide.mcu.externaltools.gnu-tools-for-stm32.9-2020-q2-update.win32_2.0.0.202105311346/tools/bin/../lib/gcc/arm-none-eabi/9.3.1/../../../../arm-none-eabi/lib/thumb/v7e-m+fp/hard\libc_nano.a(lib_a-memcpy-stub.o)
 .debug_frame   0x0000000000002b70       0x20 c:/st/stm32cubeide_1.8.0/stm32cubeide/plugins/com.st.stm32cube.ide.mcu.externaltools.gnu-tools-for-stm32.9-2020-q2-update.win32_2.0.0.202105311346/tools/bin/../lib/gcc/arm-none-eabi/9.3.1/../../../../arm-none-eabi/lib/thumb/v7e-m+fp/hard\libc_nano.a(lib_a-memset.o)